<?xml version="1.0" encoding="UTF-8"?>
<TestRun id="feb0c1ca-8506-471e-8efd-79269514f319" name="MSnead@MSNEAD-PC2 2012-03-07 16:55:59" runUser="GAGE\MSnead" xmlns="http://microsoft.com/schemas/VisualStudio/TeamTest/2006">
  <TestRunConfiguration name="Default Run Configuration" id="11f37d2a-3b1d-4e76-a4b3-866b756ec838">
    <Deployment runDeploymentRoot="C:\WebFormsUtilities-SVN\WebFormsUtilities\TestResults\MSnead_MSNEAD-PC2 2012-03-07 16_55_59">
      <DeploymentItem filename="C:\WebFormsUtilities-SVN\WebFormsUtilities\bin\Debug\WebFormsUtilities.dll" />
    </Deployment>
    <Hosts skipUnhostableTests="false" />
    <TestTypeSpecific />
  </TestRunConfiguration>
  <ResultSummary outcome="Error">
    <Counters total="21" executed="21" passed="20" error="0" failed="0" timeout="0" aborted="1" inconclusive="0" passedButRunAborted="0" notRunnable="0" notExecuted="0" disconnected="0" warning="0" completed="0" inProgress="0" pending="0" />
    <RunInfos>
      <RunInfo computerName="MSNEAD-PC2" outcome="Error" timestamp="2012-03-07T17:01:09.4335449-06:00">
        <Text>Test host process exited unexpectedly.</Text>
      </RunInfo>
    </RunInfos>
  </ResultSummary>
  <Times creation="2012-03-07T16:55:59.4048122-06:00" queuing="2012-03-07T16:56:01.1049095-06:00" start="2012-03-07T16:56:01.2699189-06:00" finish="2012-03-07T17:01:09.4335449-06:00" />
  <TestDefinitions>
    <UnitTest name="TestClassLevelValidators" storage="c:\webformsutilities-svn\webformsutilities.tests\bin\debug\webformsutilities.tests.dll" id="77d3ba01-222f-f974-fb08-63315b9cb64c">
      <Css projectStructure="" iteration="" />
      <Owners>
        <Owner name="" />
      </Owners>
      <DeploymentItems>
        <DeploymentItem filename="Validator3.config" />
      </DeploymentItems>
      <Execution id="7e59ef48-5520-4b2b-9bd7-3d09d1382715" />
      <TestMethod codeBase="C:\WebFormsUtilities-SVN\WebFormsUtilities.Tests\bin\Debug\WebFormsUtilities.Tests.dll" adapterTypeName="Microsoft.VisualStudio.TestTools.TestTypes.Unit.UnitTestAdapter, Microsoft.VisualStudio.QualityTools.Tips.UnitTest.Adapter, Version=9.0.0.0, Culture=neutral, PublicKeyToken=b03f5f7f11d50a3a" className="WebFormsUtilities.Tests.XmlRuleSetTests, WebFormsUtilities.Tests" name="TestClassLevelValidators" />
    </UnitTest>
    <UnitTest name="TestApplyPageValues" storage="c:\webformsutilities-svn\webformsutilities.tests\bin\debug\webformsutilities.tests.dll" id="97fdba4a-6bc9-38ec-b6b3-0928a2a1668b">
      <Css projectStructure="" iteration="" />
      <Owners>
        <Owner name="" />
      </Owners>
      <Execution id="ba74fdce-5910-42d0-ad28-e3ade77456e4" />
      <TestMethod codeBase="C:\WebFormsUtilities-SVN\WebFormsUtilities.Tests\bin\Debug\WebFormsUtilities.Tests.dll" adapterTypeName="Microsoft.VisualStudio.TestTools.TestTypes.Unit.UnitTestAdapter, Microsoft.VisualStudio.QualityTools.Tips.UnitTest.Adapter, Version=9.0.0.0, Culture=neutral, PublicKeyToken=b03f5f7f11d50a3a" className="WebFormsUtilities.Tests.WebControlUtilitiesTest, WebFormsUtilities.Tests" name="TestApplyPageValues" />
    </UnitTest>
    <UnitTest name="TryValidateModelTestPage" storage="c:\webformsutilities-svn\webformsutilities.tests\bin\debug\webformsutilities.tests.dll" id="7df5e13d-d604-9736-f146-71efa25c80e0">
      <Css projectStructure="" iteration="" />
      <Owners>
        <Owner name="" />
      </Owners>
      <Execution id="6680a511-00c6-44ab-b2a8-3b89537cfa28" />
      <TestMethod codeBase="C:\WebFormsUtilities-SVN\WebFormsUtilities.Tests\bin\Debug\WebFormsUtilities.Tests.dll" adapterTypeName="Microsoft.VisualStudio.TestTools.TestTypes.Unit.UnitTestAdapter, Microsoft.VisualStudio.QualityTools.Tips.UnitTest.Adapter, Version=9.0.0.0, Culture=neutral, PublicKeyToken=b03f5f7f11d50a3a" className="WebFormsUtilities.Tests.WFUtilitiesTest, WebFormsUtilities.Tests" name="TryValidateModelTestPage" />
    </UnitTest>
    <UnitTest name="HtmlInputFor" storage="c:\webformsutilities-svn\webformsutilities.tests\bin\debug\webformsutilities.tests.dll" id="ede022f0-c2ae-9448-492a-ebc8103b089a">
      <Css projectStructure="" iteration="" />
      <Owners>
        <Owner name="" />
      </Owners>
      <Execution id="9f60c44a-5320-4b99-9799-37c4970c29de" />
      <TestMethod codeBase="C:\WebFormsUtilities-SVN\WebFormsUtilities.Tests\bin\Debug\WebFormsUtilities.Tests.dll" adapterTypeName="Microsoft.VisualStudio.TestTools.TestTypes.Unit.UnitTestAdapter, Microsoft.VisualStudio.QualityTools.Tips.UnitTest.Adapter, Version=9.0.0.0, Culture=neutral, PublicKeyToken=b03f5f7f11d50a3a" className="WebFormsUtilities.Tests.LINQHtmlHelperMethods, WebFormsUtilities.Tests" name="HtmlInputFor" />
    </UnitTest>
    <UnitTest name="TryValidateModelTestAgainstModel" storage="c:\webformsutilities-svn\webformsutilities.tests\bin\debug\webformsutilities.tests.dll" id="b3cffa7b-76e5-9b5d-c609-e0a77e7c3743">
      <Css projectStructure="" iteration="" />
      <Owners>
        <Owner name="" />
      </Owners>
      <Execution id="dbc47d36-2c35-4714-8bac-e23617890d13" />
      <TestMethod codeBase="C:\WebFormsUtilities-SVN\WebFormsUtilities.Tests\bin\Debug\WebFormsUtilities.Tests.dll" adapterTypeName="Microsoft.VisualStudio.TestTools.TestTypes.Unit.UnitTestAdapter, Microsoft.VisualStudio.QualityTools.Tips.UnitTest.Adapter, Version=9.0.0.0, Culture=neutral, PublicKeyToken=b03f5f7f11d50a3a" className="WebFormsUtilities.Tests.WFUtilitiesTest, WebFormsUtilities.Tests" name="TryValidateModelTestAgainstModel" />
    </UnitTest>
    <UnitTest name="HtmlValidationMessageFor" storage="c:\webformsutilities-svn\webformsutilities.tests\bin\debug\webformsutilities.tests.dll" id="74b95aac-f1aa-6bd3-6741-37aac2d74e81">
      <Css projectStructure="" iteration="" />
      <Owners>
        <Owner name="" />
      </Owners>
      <Execution id="b059368f-77ae-45aa-96bd-62ed89297588" />
      <TestMethod codeBase="C:\WebFormsUtilities-SVN\WebFormsUtilities.Tests\bin\Debug\WebFormsUtilities.Tests.dll" adapterTypeName="Microsoft.VisualStudio.TestTools.TestTypes.Unit.UnitTestAdapter, Microsoft.VisualStudio.QualityTools.Tips.UnitTest.Adapter, Version=9.0.0.0, Culture=neutral, PublicKeyToken=b03f5f7f11d50a3a" className="WebFormsUtilities.Tests.LINQHtmlHelperMethods, WebFormsUtilities.Tests" name="HtmlValidationMessageFor" />
    </UnitTest>
    <UnitTest name="TryValidateModelTestAJAX" storage="c:\webformsutilities-svn\webformsutilities.tests\bin\debug\webformsutilities.tests.dll" id="665d49d6-e5d3-2941-aa43-2735b0948c73">
      <Css projectStructure="" iteration="" />
      <Owners>
        <Owner name="" />
      </Owners>
      <Execution id="a364a684-f4f3-43ae-a180-1a00539f2544" />
      <TestMethod codeBase="C:\WebFormsUtilities-SVN\WebFormsUtilities.Tests\bin\Debug\WebFormsUtilities.Tests.dll" adapterTypeName="Microsoft.VisualStudio.TestTools.TestTypes.Unit.UnitTestAdapter, Microsoft.VisualStudio.QualityTools.Tips.UnitTest.Adapter, Version=9.0.0.0, Culture=neutral, PublicKeyToken=b03f5f7f11d50a3a" className="WebFormsUtilities.Tests.WFUtilitiesTest, WebFormsUtilities.Tests" name="TryValidateModelTestAJAX" />
    </UnitTest>
    <UnitTest name="TestWFErrorMessage" storage="c:\webformsutilities-svn\webformsutilities.tests\bin\debug\webformsutilities.tests.dll" id="cd22c5be-d15c-d59c-5049-7c8cb2a064e1">
      <Css projectStructure="" iteration="" />
      <Owners>
        <Owner name="" />
      </Owners>
      <Execution id="19b367e6-9ffb-48e2-be70-1031599a81ac" />
      <TestMethod codeBase="C:\WebFormsUtilities-SVN\WebFormsUtilities.Tests\bin\Debug\WebFormsUtilities.Tests.dll" adapterTypeName="Microsoft.VisualStudio.TestTools.TestTypes.Unit.UnitTestAdapter, Microsoft.VisualStudio.QualityTools.Tips.UnitTest.Adapter, Version=9.0.0.0, Culture=neutral, PublicKeyToken=b03f5f7f11d50a3a" className="WebFormsUtilities.Tests.WFUtilitiesTest, WebFormsUtilities.Tests" name="TestWFErrorMessage" />
    </UnitTest>
    <UnitTest name="TestXMLErrorMessage" storage="c:\webformsutilities-svn\webformsutilities.tests\bin\debug\webformsutilities.tests.dll" id="447020a9-3b30-1e58-4091-0771087819fd">
      <Css projectStructure="" iteration="" />
      <Owners>
        <Owner name="" />
      </Owners>
      <DeploymentItems>
        <DeploymentItem filename="Validator2.config" />
      </DeploymentItems>
      <Execution id="d552bd0b-20a8-45b6-a2af-20a24f238124" />
      <TestMethod codeBase="C:\WebFormsUtilities-SVN\WebFormsUtilities.Tests\bin\Debug\WebFormsUtilities.Tests.dll" adapterTypeName="Microsoft.VisualStudio.TestTools.TestTypes.Unit.UnitTestAdapter, Microsoft.VisualStudio.QualityTools.Tips.UnitTest.Adapter, Version=9.0.0.0, Culture=neutral, PublicKeyToken=b03f5f7f11d50a3a" className="WebFormsUtilities.Tests.XmlRuleSetTests, WebFormsUtilities.Tests" name="TestXMLErrorMessage" />
    </UnitTest>
    <UnitTest name="TestHTMLTag" storage="c:\webformsutilities-svn\webformsutilities.tests\bin\debug\webformsutilities.tests.dll" id="47d6f4a0-b12e-7034-aa23-08ed78c4410c">
      <Css projectStructure="" iteration="" />
      <Owners>
        <Owner name="" />
      </Owners>
      <Execution id="cb8df9de-eee8-4f0c-9d00-a5c182092346" />
      <TestMethod codeBase="C:\WebFormsUtilities-SVN\WebFormsUtilities.Tests\bin\Debug\WebFormsUtilities.Tests.dll" adapterTypeName="Microsoft.VisualStudio.TestTools.TestTypes.Unit.UnitTestAdapter, Microsoft.VisualStudio.QualityTools.Tips.UnitTest.Adapter, Version=9.0.0.0, Culture=neutral, PublicKeyToken=b03f5f7f11d50a3a" className="WebFormsUtilities.Tests.WFUtilitiesTest, WebFormsUtilities.Tests" name="TestHTMLTag" />
    </UnitTest>
    <UnitTest name="TestCompare" storage="c:\webformsutilities-svn\webformsutilities.tests\bin\debug\webformsutilities.tests.dll" id="f441c976-2c67-f0d7-0be1-74d1a87299fb">
      <Css projectStructure="" iteration="" />
      <Owners>
        <Owner name="" />
      </Owners>
      <Execution id="e497d0f6-2201-407e-bce2-955037af7cb4" />
      <TestMethod codeBase="C:\WebFormsUtilities-SVN\WebFormsUtilities.Tests\bin\Debug\WebFormsUtilities.Tests.dll" adapterTypeName="Microsoft.VisualStudio.TestTools.TestTypes.Unit.UnitTestAdapter, Microsoft.VisualStudio.QualityTools.Tips.UnitTest.Adapter, Version=9.0.0.0, Culture=neutral, PublicKeyToken=b03f5f7f11d50a3a" className="WebFormsUtilities.Tests.WFUtilitiesTest, WebFormsUtilities.Tests" name="TestCompare" />
    </UnitTest>
    <UnitTest name="TestUpdateConversion" storage="c:\webformsutilities-svn\webformsutilities.tests\bin\debug\webformsutilities.tests.dll" id="b67275ad-1674-7438-dc9d-1290895171fe">
      <Css projectStructure="" iteration="" />
      <Owners>
        <Owner name="" />
      </Owners>
      <Execution id="a7158979-337f-456b-887b-45d2679830da" />
      <TestMethod codeBase="C:\WebFormsUtilities-SVN\WebFormsUtilities.Tests\bin\Debug\WebFormsUtilities.Tests.dll" adapterTypeName="Microsoft.VisualStudio.TestTools.TestTypes.Unit.UnitTestAdapter, Microsoft.VisualStudio.QualityTools.Tips.UnitTest.Adapter, Version=9.0.0.0, Culture=neutral, PublicKeyToken=b03f5f7f11d50a3a" className="WebFormsUtilities.Tests.TestConversion, WebFormsUtilities.Tests" name="TestUpdateConversion" />
    </UnitTest>
    <UnitTest name="TestJSONObject" storage="c:\webformsutilities-svn\webformsutilities.tests\bin\debug\webformsutilities.tests.dll" id="0e64f269-47c2-a723-be7c-12306090db64">
      <Css projectStructure="" iteration="" />
      <Owners>
        <Owner name="" />
      </Owners>
      <Execution id="8cf4aa00-e767-47f9-8930-714d48906ca5" />
      <TestMethod codeBase="C:\WebFormsUtilities-SVN\WebFormsUtilities.Tests\bin\Debug\WebFormsUtilities.Tests.dll" adapterTypeName="Microsoft.VisualStudio.TestTools.TestTypes.Unit.UnitTestAdapter, Microsoft.VisualStudio.QualityTools.Tips.UnitTest.Adapter, Version=9.0.0.0, Culture=neutral, PublicKeyToken=b03f5f7f11d50a3a" className="WebFormsUtilities.Tests.WFUtilitiesTest, WebFormsUtilities.Tests" name="TestJSONObject" />
    </UnitTest>
    <UnitTest name="TestBuddyValidation" storage="c:\webformsutilities-svn\webformsutilities.tests\bin\debug\webformsutilities.tests.dll" id="9fb490c7-6450-9788-a450-e4c974a95ce5">
      <Css projectStructure="" iteration="" />
      <Owners>
        <Owner name="" />
      </Owners>
      <Execution id="9ab6add8-ab77-48a4-b381-a384e5f77504" />
      <TestMethod codeBase="C:\WebFormsUtilities-SVN\WebFormsUtilities.Tests\bin\Debug\WebFormsUtilities.Tests.dll" adapterTypeName="Microsoft.VisualStudio.TestTools.TestTypes.Unit.UnitTestAdapter, Microsoft.VisualStudio.QualityTools.Tips.UnitTest.Adapter, Version=9.0.0.0, Culture=neutral, PublicKeyToken=b03f5f7f11d50a3a" className="WebFormsUtilities.Tests.WFUtilitiesTest, WebFormsUtilities.Tests" name="TestBuddyValidation" />
    </UnitTest>
    <UnitTest name="HtmlCheckboxFor" storage="c:\webformsutilities-svn\webformsutilities.tests\bin\debug\webformsutilities.tests.dll" id="eef8986e-d556-640b-74f5-d40ddef383fa">
      <Css projectStructure="" iteration="" />
      <Owners>
        <Owner name="" />
      </Owners>
      <Execution id="2c665120-f149-4844-85ff-796be7eedd61" />
      <TestMethod codeBase="C:\WebFormsUtilities-SVN\WebFormsUtilities.Tests\bin\Debug\WebFormsUtilities.Tests.dll" adapterTypeName="Microsoft.VisualStudio.TestTools.TestTypes.Unit.UnitTestAdapter, Microsoft.VisualStudio.QualityTools.Tips.UnitTest.Adapter, Version=9.0.0.0, Culture=neutral, PublicKeyToken=b03f5f7f11d50a3a" className="WebFormsUtilities.Tests.LINQHtmlHelperMethods, WebFormsUtilities.Tests" name="HtmlCheckboxFor" />
    </UnitTest>
    <UnitTest name="TestApplyListBoxDropDown" storage="c:\webformsutilities-svn\webformsutilities.tests\bin\debug\webformsutilities.tests.dll" id="2f5f134f-8996-4d90-6dfa-e923bea5e357">
      <Css projectStructure="" iteration="" />
      <Owners>
        <Owner name="" />
      </Owners>
      <Execution id="e073888a-655d-40de-bcba-5c7ca68f6cb4" />
      <TestMethod codeBase="C:\WebFormsUtilities-SVN\WebFormsUtilities.Tests\bin\Debug\WebFormsUtilities.Tests.dll" adapterTypeName="Microsoft.VisualStudio.TestTools.TestTypes.Unit.UnitTestAdapter, Microsoft.VisualStudio.QualityTools.Tips.UnitTest.Adapter, Version=9.0.0.0, Culture=neutral, PublicKeyToken=b03f5f7f11d50a3a" className="WebFormsUtilities.Tests.WebControlUtilitiesTest, WebFormsUtilities.Tests" name="TestApplyListBoxDropDown" />
    </UnitTest>
    <UnitTest name="TryValidateModelTestAgainstModelSuccess" storage="c:\webformsutilities-svn\webformsutilities.tests\bin\debug\webformsutilities.tests.dll" id="748b3f67-15dc-c92d-7ef3-6741514ba8e6">
      <Css projectStructure="" iteration="" />
      <Owners>
        <Owner name="" />
      </Owners>
      <Execution id="9d70467d-f973-47aa-8a06-73d30dc80ff8" />
      <TestMethod codeBase="C:\WebFormsUtilities-SVN\WebFormsUtilities.Tests\bin\Debug\WebFormsUtilities.Tests.dll" adapterTypeName="Microsoft.VisualStudio.TestTools.TestTypes.Unit.UnitTestAdapter, Microsoft.VisualStudio.QualityTools.Tips.UnitTest.Adapter, Version=9.0.0.0, Culture=neutral, PublicKeyToken=b03f5f7f11d50a3a" className="WebFormsUtilities.Tests.WFUtilitiesTest, WebFormsUtilities.Tests" name="TryValidateModelTestAgainstModelSuccess" />
    </UnitTest>
    <UnitTest name="TestLoadXML" storage="c:\webformsutilities-svn\webformsutilities.tests\bin\debug\webformsutilities.tests.dll" id="8b3848c9-85db-c79c-76f2-af327aa34ab3">
      <Css projectStructure="" iteration="" />
      <Owners>
        <Owner name="" />
      </Owners>
      <DeploymentItems>
        <DeploymentItem filename="Validator.config" />
      </DeploymentItems>
      <Execution id="acd81450-f57a-4a31-b5c3-3de154abe3d6" />
      <TestMethod codeBase="C:\WebFormsUtilities-SVN\WebFormsUtilities.Tests\bin\Debug\WebFormsUtilities.Tests.dll" adapterTypeName="Microsoft.VisualStudio.TestTools.TestTypes.Unit.UnitTestAdapter, Microsoft.VisualStudio.QualityTools.Tips.UnitTest.Adapter, Version=9.0.0.0, Culture=neutral, PublicKeyToken=b03f5f7f11d50a3a" className="WebFormsUtilities.Tests.XmlRuleSetTests, WebFormsUtilities.Tests" name="TestLoadXML" />
    </UnitTest>
    <UnitTest name="TryValidateModelTestAgainstModelClassAttribute" storage="c:\webformsutilities-svn\webformsutilities.tests\bin\debug\webformsutilities.tests.dll" id="313b5012-7fe5-b951-9cc3-dd8bceecae87">
      <Css projectStructure="" iteration="" />
      <Owners>
        <Owner name="" />
      </Owners>
      <Execution id="5b2c068f-e3aa-44b7-b22a-844031b6f6c3" />
      <TestMethod codeBase="C:\WebFormsUtilities-SVN\WebFormsUtilities.Tests\bin\Debug\WebFormsUtilities.Tests.dll" adapterTypeName="Microsoft.VisualStudio.TestTools.TestTypes.Unit.UnitTestAdapter, Microsoft.VisualStudio.QualityTools.Tips.UnitTest.Adapter, Version=9.0.0.0, Culture=neutral, PublicKeyToken=b03f5f7f11d50a3a" className="WebFormsUtilities.Tests.WFUtilitiesTest, WebFormsUtilities.Tests" name="TryValidateModelTestAgainstModelClassAttribute" />
    </UnitTest>
    <UnitTest name="TestMapping" storage="c:\webformsutilities-svn\webformsutilities.tests\bin\debug\webformsutilities.tests.dll" id="7c663ac8-c796-a769-ec49-f31f52cabd46">
      <Css projectStructure="" iteration="" />
      <Owners>
        <Owner name="" />
      </Owners>
      <Execution id="76f15693-3ae8-48b3-aea6-6878190096a7" />
      <TestMethod codeBase="C:\WebFormsUtilities-SVN\WebFormsUtilities.Tests\bin\Debug\WebFormsUtilities.Tests.dll" adapterTypeName="Microsoft.VisualStudio.TestTools.TestTypes.Unit.UnitTestAdapter, Microsoft.VisualStudio.QualityTools.Tips.UnitTest.Adapter, Version=9.0.0.0, Culture=neutral, PublicKeyToken=b03f5f7f11d50a3a" className="WebFormsUtilities.Tests.MapToAttributeTest, WebFormsUtilities.Tests" name="TestMapping" />
    </UnitTest>
    <UnitTest name="TestValidationPreProcessorFor" storage="c:\webformsutilities-svn\webformsutilities.tests\bin\debug\webformsutilities.tests.dll" id="12182304-5f58-0929-f530-4b91b3227958">
      <Css projectStructure="" iteration="" />
      <Owners>
        <Owner name="" />
      </Owners>
      <TestMethod codeBase="C:\WebFormsUtilities-SVN\WebFormsUtilities.Tests\bin\Debug\WebFormsUtilities.Tests.dll" adapterTypeName="Microsoft.VisualStudio.TestTools.TestTypes.Unit.UnitTestAdapter, Microsoft.VisualStudio.QualityTools.Tips.UnitTest.Adapter, Version=9.0.0.0, Culture=neutral, PublicKeyToken=b03f5f7f11d50a3a" className="WebFormsUtilities.Tests.TestValidationMarkup, WebFormsUtilities.Tests" name="TestValidationPreProcessorFor" />
    </UnitTest>
  </TestDefinitions>
  <TestLists>
    <TestList name="Results Not in a List" id="8c84fa94-04c1-424b-9868-57a2d4851a1d" />
    <TestList name="All Loaded Results" id="19431567-8539-422a-85d7-44ee4e166bda" />
  </TestLists>
  <TestEntries>
    <TestEntry testId="ede022f0-c2ae-9448-492a-ebc8103b089a" executionId="9f60c44a-5320-4b99-9799-37c4970c29de" testListId="8c84fa94-04c1-424b-9868-57a2d4851a1d" />
    <TestEntry testId="74b95aac-f1aa-6bd3-6741-37aac2d74e81" executionId="b059368f-77ae-45aa-96bd-62ed89297588" testListId="8c84fa94-04c1-424b-9868-57a2d4851a1d" />
    <TestEntry testId="eef8986e-d556-640b-74f5-d40ddef383fa" executionId="2c665120-f149-4844-85ff-796be7eedd61" testListId="8c84fa94-04c1-424b-9868-57a2d4851a1d" />
    <TestEntry testId="7c663ac8-c796-a769-ec49-f31f52cabd46" executionId="76f15693-3ae8-48b3-aea6-6878190096a7" testListId="8c84fa94-04c1-424b-9868-57a2d4851a1d" />
    <TestEntry testId="b67275ad-1674-7438-dc9d-1290895171fe" executionId="a7158979-337f-456b-887b-45d2679830da" testListId="8c84fa94-04c1-424b-9868-57a2d4851a1d" />
    <TestEntry testId="97fdba4a-6bc9-38ec-b6b3-0928a2a1668b" executionId="ba74fdce-5910-42d0-ad28-e3ade77456e4" testListId="8c84fa94-04c1-424b-9868-57a2d4851a1d" />
    <TestEntry testId="2f5f134f-8996-4d90-6dfa-e923bea5e357" executionId="e073888a-655d-40de-bcba-5c7ca68f6cb4" testListId="8c84fa94-04c1-424b-9868-57a2d4851a1d" />
    <TestEntry testId="cd22c5be-d15c-d59c-5049-7c8cb2a064e1" executionId="19b367e6-9ffb-48e2-be70-1031599a81ac" testListId="8c84fa94-04c1-424b-9868-57a2d4851a1d" />
    <TestEntry testId="b3cffa7b-76e5-9b5d-c609-e0a77e7c3743" executionId="dbc47d36-2c35-4714-8bac-e23617890d13" testListId="8c84fa94-04c1-424b-9868-57a2d4851a1d" />
    <TestEntry testId="748b3f67-15dc-c92d-7ef3-6741514ba8e6" executionId="9d70467d-f973-47aa-8a06-73d30dc80ff8" testListId="8c84fa94-04c1-424b-9868-57a2d4851a1d" />
    <TestEntry testId="313b5012-7fe5-b951-9cc3-dd8bceecae87" executionId="5b2c068f-e3aa-44b7-b22a-844031b6f6c3" testListId="8c84fa94-04c1-424b-9868-57a2d4851a1d" />
    <TestEntry testId="665d49d6-e5d3-2941-aa43-2735b0948c73" executionId="a364a684-f4f3-43ae-a180-1a00539f2544" testListId="8c84fa94-04c1-424b-9868-57a2d4851a1d" />
    <TestEntry testId="9fb490c7-6450-9788-a450-e4c974a95ce5" executionId="9ab6add8-ab77-48a4-b381-a384e5f77504" testListId="8c84fa94-04c1-424b-9868-57a2d4851a1d" />
    <TestEntry testId="7df5e13d-d604-9736-f146-71efa25c80e0" executionId="6680a511-00c6-44ab-b2a8-3b89537cfa28" testListId="8c84fa94-04c1-424b-9868-57a2d4851a1d" />
    <TestEntry testId="0e64f269-47c2-a723-be7c-12306090db64" executionId="8cf4aa00-e767-47f9-8930-714d48906ca5" testListId="8c84fa94-04c1-424b-9868-57a2d4851a1d" />
    <TestEntry testId="47d6f4a0-b12e-7034-aa23-08ed78c4410c" executionId="cb8df9de-eee8-4f0c-9d00-a5c182092346" testListId="8c84fa94-04c1-424b-9868-57a2d4851a1d" />
    <TestEntry testId="f441c976-2c67-f0d7-0be1-74d1a87299fb" executionId="e497d0f6-2201-407e-bce2-955037af7cb4" testListId="8c84fa94-04c1-424b-9868-57a2d4851a1d" />
    <TestEntry testId="8b3848c9-85db-c79c-76f2-af327aa34ab3" executionId="acd81450-f57a-4a31-b5c3-3de154abe3d6" testListId="8c84fa94-04c1-424b-9868-57a2d4851a1d" />
    <TestEntry testId="447020a9-3b30-1e58-4091-0771087819fd" executionId="d552bd0b-20a8-45b6-a2af-20a24f238124" testListId="8c84fa94-04c1-424b-9868-57a2d4851a1d" />
    <TestEntry testId="77d3ba01-222f-f974-fb08-63315b9cb64c" executionId="7e59ef48-5520-4b2b-9bd7-3d09d1382715" testListId="8c84fa94-04c1-424b-9868-57a2d4851a1d" />
    <TestEntry testId="12182304-5f58-0929-f530-4b91b3227958" executionId="8903a24b-9502-46b6-adf6-b3ba7feed5c6" testListId="8c84fa94-04c1-424b-9868-57a2d4851a1d" />
  </TestEntries>
  <Results>
    <UnitTestResult executionId="9f60c44a-5320-4b99-9799-37c4970c29de" testId="ede022f0-c2ae-9448-492a-ebc8103b089a" testName="HtmlInputFor" computerName="MSNEAD-PC2" duration="00:00:00.0863822" startTime="2012-03-07T16:56:01.4479291-06:00" endTime="2012-03-07T16:56:02.2059725-06:00" testType="13cdc9d9-ddb5-4fa4-a97d-d965ccfc6d4b" outcome="Passed" testListId="8c84fa94-04c1-424b-9868-57a2d4851a1d">
      <Output>
      </Output>
    </UnitTestResult>
    <UnitTestResult executionId="b059368f-77ae-45aa-96bd-62ed89297588" testId="74b95aac-f1aa-6bd3-6741-37aac2d74e81" testName="HtmlValidationMessageFor" computerName="MSNEAD-PC2" duration="00:00:00.0094221" startTime="2012-03-07T16:56:02.2099727-06:00" endTime="2012-03-07T16:56:02.2229734-06:00" testType="13cdc9d9-ddb5-4fa4-a97d-d965ccfc6d4b" outcome="Passed" testListId="8c84fa94-04c1-424b-9868-57a2d4851a1d">
      <Output>
      </Output>
    </UnitTestResult>
    <UnitTestResult executionId="2c665120-f149-4844-85ff-796be7eedd61" testId="eef8986e-d556-640b-74f5-d40ddef383fa" testName="HtmlCheckboxFor" computerName="MSNEAD-PC2" duration="00:00:00.0156400" startTime="2012-03-07T16:56:02.2279737-06:00" endTime="2012-03-07T16:56:02.2459748-06:00" testType="13cdc9d9-ddb5-4fa4-a97d-d965ccfc6d4b" outcome="Passed" testListId="8c84fa94-04c1-424b-9868-57a2d4851a1d">
      <Output>
      </Output>
    </UnitTestResult>
    <UnitTestResult executionId="76f15693-3ae8-48b3-aea6-6878190096a7" testId="7c663ac8-c796-a769-ec49-f31f52cabd46" testName="TestMapping" computerName="MSNEAD-PC2" duration="00:00:00.0371288" startTime="2012-03-07T16:56:02.2509750-06:00" endTime="2012-03-07T16:56:02.2919774-06:00" testType="13cdc9d9-ddb5-4fa4-a97d-d965ccfc6d4b" outcome="Passed" testListId="8c84fa94-04c1-424b-9868-57a2d4851a1d">
      <Output>
      </Output>
    </UnitTestResult>
    <UnitTestResult executionId="a7158979-337f-456b-887b-45d2679830da" testId="b67275ad-1674-7438-dc9d-1290895171fe" testName="TestUpdateConversion" computerName="MSNEAD-PC2" duration="00:00:00.0231407" startTime="2012-03-07T16:56:02.2959776-06:00" endTime="2012-03-07T16:56:02.3229792-06:00" testType="13cdc9d9-ddb5-4fa4-a97d-d965ccfc6d4b" outcome="Passed" testListId="8c84fa94-04c1-424b-9868-57a2d4851a1d">
      <Output>
      </Output>
    </UnitTestResult>
    <UnitTestResult executionId="ba74fdce-5910-42d0-ad28-e3ade77456e4" testId="97fdba4a-6bc9-38ec-b6b3-0928a2a1668b" testName="TestApplyPageValues" computerName="MSNEAD-PC2" duration="00:00:00.0087436" startTime="2012-03-07T16:56:02.3269794-06:00" endTime="2012-03-07T16:56:02.3389801-06:00" testType="13cdc9d9-ddb5-4fa4-a97d-d965ccfc6d4b" outcome="Passed" testListId="8c84fa94-04c1-424b-9868-57a2d4851a1d">
      <Output>
      </Output>
    </UnitTestResult>
    <UnitTestResult executionId="e073888a-655d-40de-bcba-5c7ca68f6cb4" testId="2f5f134f-8996-4d90-6dfa-e923bea5e357" testName="TestApplyListBoxDropDown" computerName="MSNEAD-PC2" duration="00:00:00.0031561" startTime="2012-03-07T16:56:02.3419802-06:00" endTime="2012-03-07T16:56:02.3479806-06:00" testType="13cdc9d9-ddb5-4fa4-a97d-d965ccfc6d4b" outcome="Passed" testListId="8c84fa94-04c1-424b-9868-57a2d4851a1d">
      <Output>
      </Output>
    </UnitTestResult>
    <UnitTestResult executionId="19b367e6-9ffb-48e2-be70-1031599a81ac" testId="cd22c5be-d15c-d59c-5049-7c8cb2a064e1" testName="TestWFErrorMessage" computerName="MSNEAD-PC2" duration="00:00:00.0099649" startTime="2012-03-07T16:56:02.3539809-06:00" endTime="2012-03-07T16:56:02.3739821-06:00" testType="13cdc9d9-ddb5-4fa4-a97d-d965ccfc6d4b" outcome="Passed" testListId="8c84fa94-04c1-424b-9868-57a2d4851a1d">
      <Output>
      </Output>
    </UnitTestResult>
    <UnitTestResult executionId="dbc47d36-2c35-4714-8bac-e23617890d13" testId="b3cffa7b-76e5-9b5d-c609-e0a77e7c3743" testName="TryValidateModelTestAgainstModel" computerName="MSNEAD-PC2" duration="00:00:00.0066148" startTime="2012-03-07T16:56:02.3769822-06:00" endTime="2012-03-07T16:56:02.3869828-06:00" testType="13cdc9d9-ddb5-4fa4-a97d-d965ccfc6d4b" outcome="Passed" testListId="8c84fa94-04c1-424b-9868-57a2d4851a1d">
      <Output>
      </Output>
    </UnitTestResult>
    <UnitTestResult executionId="9d70467d-f973-47aa-8a06-73d30dc80ff8" testId="748b3f67-15dc-c92d-7ef3-6741514ba8e6" testName="TryValidateModelTestAgainstModelSuccess" computerName="MSNEAD-PC2" duration="00:00:00.0010812" startTime="2012-03-07T16:56:02.3899830-06:00" endTime="2012-03-07T16:56:02.3939832-06:00" testType="13cdc9d9-ddb5-4fa4-a97d-d965ccfc6d4b" outcome="Passed" testListId="8c84fa94-04c1-424b-9868-57a2d4851a1d">
      <Output>
      </Output>
    </UnitTestResult>
    <UnitTestResult executionId="5b2c068f-e3aa-44b7-b22a-844031b6f6c3" testId="313b5012-7fe5-b951-9cc3-dd8bceecae87" testName="TryValidateModelTestAgainstModelClassAttribute" computerName="MSNEAD-PC2" duration="00:00:00.0050014" startTime="2012-03-07T16:56:02.3969834-06:00" endTime="2012-03-07T16:56:02.4069840-06:00" testType="13cdc9d9-ddb5-4fa4-a97d-d965ccfc6d4b" outcome="Passed" testListId="8c84fa94-04c1-424b-9868-57a2d4851a1d">
      <Output>
      </Output>
    </UnitTestResult>
    <UnitTestResult executionId="a364a684-f4f3-43ae-a180-1a00539f2544" testId="665d49d6-e5d3-2941-aa43-2735b0948c73" testName="TryValidateModelTestAJAX" computerName="MSNEAD-PC2" duration="00:00:00.0023943" startTime="2012-03-07T16:56:02.4109842-06:00" endTime="2012-03-07T16:56:02.4169845-06:00" testType="13cdc9d9-ddb5-4fa4-a97d-d965ccfc6d4b" outcome="Passed" testListId="8c84fa94-04c1-424b-9868-57a2d4851a1d">
      <Output>
      </Output>
    </UnitTestResult>
    <UnitTestResult executionId="9ab6add8-ab77-48a4-b381-a384e5f77504" testId="9fb490c7-6450-9788-a450-e4c974a95ce5" testName="TestBuddyValidation" computerName="MSNEAD-PC2" duration="00:00:00.0017101" startTime="2012-03-07T16:56:02.4199847-06:00" endTime="2012-03-07T16:56:02.4249850-06:00" testType="13cdc9d9-ddb5-4fa4-a97d-d965ccfc6d4b" outcome="Passed" testListId="8c84fa94-04c1-424b-9868-57a2d4851a1d">
      <Output>
      </Output>
    </UnitTestResult>
    <UnitTestResult executionId="6680a511-00c6-44ab-b2a8-3b89537cfa28" testId="7df5e13d-d604-9736-f146-71efa25c80e0" testName="TryValidateModelTestPage" computerName="MSNEAD-PC2" duration="00:00:00.0001304" startTime="2012-03-07T16:56:02.4279852-06:00" endTime="2012-03-07T16:56:02.4309853-06:00" testType="13cdc9d9-ddb5-4fa4-a97d-d965ccfc6d4b" outcome="Passed" testListId="8c84fa94-04c1-424b-9868-57a2d4851a1d">
      <Output>
      </Output>
    </UnitTestResult>
    <UnitTestResult executionId="8cf4aa00-e767-47f9-8930-714d48906ca5" testId="0e64f269-47c2-a723-be7c-12306090db64" testName="TestJSONObject" computerName="MSNEAD-PC2" duration="00:00:00.0073198" startTime="2012-03-07T16:56:02.4349856-06:00" endTime="2012-03-07T16:56:02.4449861-06:00" testType="13cdc9d9-ddb5-4fa4-a97d-d965ccfc6d4b" outcome="Passed" testListId="8c84fa94-04c1-424b-9868-57a2d4851a1d">
      <Output>
      </Output>
    </UnitTestResult>
    <UnitTestResult executionId="cb8df9de-eee8-4f0c-9d00-a5c182092346" testId="47d6f4a0-b12e-7034-aa23-08ed78c4410c" testName="TestHTMLTag" computerName="MSNEAD-PC2" duration="00:00:00.0043922" startTime="2012-03-07T16:56:02.4489864-06:00" endTime="2012-03-07T16:56:02.4559868-06:00" testType="13cdc9d9-ddb5-4fa4-a97d-d965ccfc6d4b" outcome="Passed" testListId="8c84fa94-04c1-424b-9868-57a2d4851a1d">
      <Output>
      </Output>
    </UnitTestResult>
    <UnitTestResult executionId="e497d0f6-2201-407e-bce2-955037af7cb4" testId="f441c976-2c67-f0d7-0be1-74d1a87299fb" testName="TestCompare" computerName="MSNEAD-PC2" duration="00:00:00.0054860" startTime="2012-03-07T16:56:02.4589869-06:00" endTime="2012-03-07T16:56:02.4689875-06:00" testType="13cdc9d9-ddb5-4fa4-a97d-d965ccfc6d4b" outcome="Passed" testListId="8c84fa94-04c1-424b-9868-57a2d4851a1d">
      <Output>
      </Output>
    </UnitTestResult>
    <UnitTestResult executionId="acd81450-f57a-4a31-b5c3-3de154abe3d6" testId="8b3848c9-85db-c79c-76f2-af327aa34ab3" testName="TestLoadXML" computerName="MSNEAD-PC2" duration="00:00:00.0133620" startTime="2012-03-07T16:56:02.4719877-06:00" endTime="2012-03-07T16:56:02.4899887-06:00" testType="13cdc9d9-ddb5-4fa4-a97d-d965ccfc6d4b" outcome="Passed" testListId="8c84fa94-04c1-424b-9868-57a2d4851a1d">
      <Output>
      </Output>
    </UnitTestResult>
    <UnitTestResult executionId="d552bd0b-20a8-45b6-a2af-20a24f238124" testId="447020a9-3b30-1e58-4091-0771087819fd" testName="TestXMLErrorMessage" computerName="MSNEAD-PC2" duration="00:00:00.0357579" startTime="2012-03-07T16:56:02.4939889-06:00" endTime="2012-03-07T16:56:02.5329912-06:00" testType="13cdc9d9-ddb5-4fa4-a97d-d965ccfc6d4b" outcome="Passed" testListId="8c84fa94-04c1-424b-9868-57a2d4851a1d">
      <Output>
      </Output>
    </UnitTestResult>
    <UnitTestResult executionId="7e59ef48-5520-4b2b-9bd7-3d09d1382715" testId="77d3ba01-222f-f974-fb08-63315b9cb64c" testName="TestClassLevelValidators" computerName="MSNEAD-PC2" duration="00:00:00.0019055" startTime="2012-03-07T16:56:02.5379915-06:00" endTime="2012-03-07T16:56:02.5429917-06:00" testType="13cdc9d9-ddb5-4fa4-a97d-d965ccfc6d4b" outcome="Passed" testListId="8c84fa94-04c1-424b-9868-57a2d4851a1d">
      <Output>
      </Output>
    </UnitTestResult>
    <UnitTestResult executionId="8903a24b-9502-46b6-adf6-b3ba7feed5c6" testId="12182304-5f58-0929-f530-4b91b3227958" testName="TestValidationPreProcessorFor" computerName="MSNEAD-PC2" duration="00:05:06.8875530" startTime="2012-03-07T16:56:02.5459919-06:00" endTime="2012-03-07T17:01:09.4335449-06:00" testType="13cdc9d9-ddb5-4fa4-a97d-d965ccfc6d4b" outcome="Aborted" testListId="8c84fa94-04c1-424b-9868-57a2d4851a1d">
    </UnitTestResult>
  </Results>
</TestRun>