<?xml version="1.0" encoding="UTF-8"?>
<TestRun id="1ad25514-f093-490e-815a-db8c3d86d9f8" name="MSnead@MSNEAD-PC2 2012-03-07 17:05:16" runUser="GAGE\MSnead" xmlns="http://microsoft.com/schemas/VisualStudio/TeamTest/2006">
  <TestRunConfiguration name="Default Run Configuration" id="c7bbd6ea-b43c-4a31-be7d-6fab377d5330">
    <Deployment runDeploymentRoot="C:\WebFormsUtilities-SVN\WebFormsUtilities\TestResults\MSnead_MSNEAD-PC2 2012-03-07 17_05_16">
      <DeploymentItem filename="C:\WebFormsUtilities-SVN\WebFormsUtilities\bin\Debug\WebFormsUtilities.dll" />
    </Deployment>
    <Hosts skipUnhostableTests="false" />
    <TestTypeSpecific />
  </TestRunConfiguration>
  <ResultSummary outcome="Completed">
    <Counters total="21" executed="21" passed="21" error="0" failed="0" timeout="0" aborted="0" inconclusive="0" passedButRunAborted="0" notRunnable="0" notExecuted="0" disconnected="0" warning="0" completed="0" inProgress="0" pending="0" />
  </ResultSummary>
  <Times creation="2012-03-07T17:05:16.0766521-06:00" queuing="2012-03-07T17:05:17.6997449-06:00" start="2012-03-07T17:05:17.9007564-06:00" finish="2012-03-07T17:05:19.1078254-06:00" />
  <TestDefinitions>
    <UnitTest name="TestClassLevelValidators" storage="c:\webformsutilities-svn\webformsutilities.tests\bin\debug\webformsutilities.tests.dll" id="77d3ba01-222f-f974-fb08-63315b9cb64c">
      <Css projectStructure="" iteration="" />
      <Owners>
        <Owner name="" />
      </Owners>
      <DeploymentItems>
        <DeploymentItem filename="Validator3.config" />
      </DeploymentItems>
      <Execution id="6950aebb-7ba2-4954-a6db-98414cafdadd" />
      <TestMethod codeBase="C:\WebFormsUtilities-SVN\WebFormsUtilities.Tests\bin\Debug\WebFormsUtilities.Tests.dll" adapterTypeName="Microsoft.VisualStudio.TestTools.TestTypes.Unit.UnitTestAdapter, Microsoft.VisualStudio.QualityTools.Tips.UnitTest.Adapter, Version=9.0.0.0, Culture=neutral, PublicKeyToken=b03f5f7f11d50a3a" className="WebFormsUtilities.Tests.XmlRuleSetTests, WebFormsUtilities.Tests" name="TestClassLevelValidators" />
    </UnitTest>
    <UnitTest name="TestApplyPageValues" storage="c:\webformsutilities-svn\webformsutilities.tests\bin\debug\webformsutilities.tests.dll" id="97fdba4a-6bc9-38ec-b6b3-0928a2a1668b">
      <Css projectStructure="" iteration="" />
      <Owners>
        <Owner name="" />
      </Owners>
      <Execution id="7a790368-0aae-49fd-9c95-57ba89da6aed" />
      <TestMethod codeBase="C:\WebFormsUtilities-SVN\WebFormsUtilities.Tests\bin\Debug\WebFormsUtilities.Tests.dll" adapterTypeName="Microsoft.VisualStudio.TestTools.TestTypes.Unit.UnitTestAdapter, Microsoft.VisualStudio.QualityTools.Tips.UnitTest.Adapter, Version=9.0.0.0, Culture=neutral, PublicKeyToken=b03f5f7f11d50a3a" className="WebFormsUtilities.Tests.WebControlUtilitiesTest, WebFormsUtilities.Tests" name="TestApplyPageValues" />
    </UnitTest>
    <UnitTest name="TryValidateModelTestPage" storage="c:\webformsutilities-svn\webformsutilities.tests\bin\debug\webformsutilities.tests.dll" id="7df5e13d-d604-9736-f146-71efa25c80e0">
      <Css projectStructure="" iteration="" />
      <Owners>
        <Owner name="" />
      </Owners>
      <Execution id="fbf9465a-dfbf-4d09-83fc-63121a675f13" />
      <TestMethod codeBase="C:\WebFormsUtilities-SVN\WebFormsUtilities.Tests\bin\Debug\WebFormsUtilities.Tests.dll" adapterTypeName="Microsoft.VisualStudio.TestTools.TestTypes.Unit.UnitTestAdapter, Microsoft.VisualStudio.QualityTools.Tips.UnitTest.Adapter, Version=9.0.0.0, Culture=neutral, PublicKeyToken=b03f5f7f11d50a3a" className="WebFormsUtilities.Tests.WFUtilitiesTest, WebFormsUtilities.Tests" name="TryValidateModelTestPage" />
    </UnitTest>
    <UnitTest name="HtmlInputFor" storage="c:\webformsutilities-svn\webformsutilities.tests\bin\debug\webformsutilities.tests.dll" id="ede022f0-c2ae-9448-492a-ebc8103b089a">
      <Css projectStructure="" iteration="" />
      <Owners>
        <Owner name="" />
      </Owners>
      <Execution id="f1bc9d1d-8646-4234-9ae1-5f834d4e0bb6" />
      <TestMethod codeBase="C:\WebFormsUtilities-SVN\WebFormsUtilities.Tests\bin\Debug\WebFormsUtilities.Tests.dll" adapterTypeName="Microsoft.VisualStudio.TestTools.TestTypes.Unit.UnitTestAdapter, Microsoft.VisualStudio.QualityTools.Tips.UnitTest.Adapter, Version=9.0.0.0, Culture=neutral, PublicKeyToken=b03f5f7f11d50a3a" className="WebFormsUtilities.Tests.LINQHtmlHelperMethods, WebFormsUtilities.Tests" name="HtmlInputFor" />
    </UnitTest>
    <UnitTest name="TryValidateModelTestAgainstModel" storage="c:\webformsutilities-svn\webformsutilities.tests\bin\debug\webformsutilities.tests.dll" id="b3cffa7b-76e5-9b5d-c609-e0a77e7c3743">
      <Css projectStructure="" iteration="" />
      <Owners>
        <Owner name="" />
      </Owners>
      <Execution id="b0d85ea6-a9e1-4fce-89cf-860ca0bf8ffd" />
      <TestMethod codeBase="C:\WebFormsUtilities-SVN\WebFormsUtilities.Tests\bin\Debug\WebFormsUtilities.Tests.dll" adapterTypeName="Microsoft.VisualStudio.TestTools.TestTypes.Unit.UnitTestAdapter, Microsoft.VisualStudio.QualityTools.Tips.UnitTest.Adapter, Version=9.0.0.0, Culture=neutral, PublicKeyToken=b03f5f7f11d50a3a" className="WebFormsUtilities.Tests.WFUtilitiesTest, WebFormsUtilities.Tests" name="TryValidateModelTestAgainstModel" />
    </UnitTest>
    <UnitTest name="HtmlValidationMessageFor" storage="c:\webformsutilities-svn\webformsutilities.tests\bin\debug\webformsutilities.tests.dll" id="74b95aac-f1aa-6bd3-6741-37aac2d74e81">
      <Css projectStructure="" iteration="" />
      <Owners>
        <Owner name="" />
      </Owners>
      <Execution id="da6426b9-9bd6-485f-98bc-644aeebf275e" />
      <TestMethod codeBase="C:\WebFormsUtilities-SVN\WebFormsUtilities.Tests\bin\Debug\WebFormsUtilities.Tests.dll" adapterTypeName="Microsoft.VisualStudio.TestTools.TestTypes.Unit.UnitTestAdapter, Microsoft.VisualStudio.QualityTools.Tips.UnitTest.Adapter, Version=9.0.0.0, Culture=neutral, PublicKeyToken=b03f5f7f11d50a3a" className="WebFormsUtilities.Tests.LINQHtmlHelperMethods, WebFormsUtilities.Tests" name="HtmlValidationMessageFor" />
    </UnitTest>
    <UnitTest name="TryValidateModelTestAJAX" storage="c:\webformsutilities-svn\webformsutilities.tests\bin\debug\webformsutilities.tests.dll" id="665d49d6-e5d3-2941-aa43-2735b0948c73">
      <Css projectStructure="" iteration="" />
      <Owners>
        <Owner name="" />
      </Owners>
      <Execution id="b0afea25-9262-4c74-849c-fc39f2864a41" />
      <TestMethod codeBase="C:\WebFormsUtilities-SVN\WebFormsUtilities.Tests\bin\Debug\WebFormsUtilities.Tests.dll" adapterTypeName="Microsoft.VisualStudio.TestTools.TestTypes.Unit.UnitTestAdapter, Microsoft.VisualStudio.QualityTools.Tips.UnitTest.Adapter, Version=9.0.0.0, Culture=neutral, PublicKeyToken=b03f5f7f11d50a3a" className="WebFormsUtilities.Tests.WFUtilitiesTest, WebFormsUtilities.Tests" name="TryValidateModelTestAJAX" />
    </UnitTest>
    <UnitTest name="TestWFErrorMessage" storage="c:\webformsutilities-svn\webformsutilities.tests\bin\debug\webformsutilities.tests.dll" id="cd22c5be-d15c-d59c-5049-7c8cb2a064e1">
      <Css projectStructure="" iteration="" />
      <Owners>
        <Owner name="" />
      </Owners>
      <Execution id="360c4ea5-bab5-472b-a590-467e48746e0e" />
      <TestMethod codeBase="C:\WebFormsUtilities-SVN\WebFormsUtilities.Tests\bin\Debug\WebFormsUtilities.Tests.dll" adapterTypeName="Microsoft.VisualStudio.TestTools.TestTypes.Unit.UnitTestAdapter, Microsoft.VisualStudio.QualityTools.Tips.UnitTest.Adapter, Version=9.0.0.0, Culture=neutral, PublicKeyToken=b03f5f7f11d50a3a" className="WebFormsUtilities.Tests.WFUtilitiesTest, WebFormsUtilities.Tests" name="TestWFErrorMessage" />
    </UnitTest>
    <UnitTest name="TestXMLErrorMessage" storage="c:\webformsutilities-svn\webformsutilities.tests\bin\debug\webformsutilities.tests.dll" id="447020a9-3b30-1e58-4091-0771087819fd">
      <Css projectStructure="" iteration="" />
      <Owners>
        <Owner name="" />
      </Owners>
      <DeploymentItems>
        <DeploymentItem filename="Validator2.config" />
      </DeploymentItems>
      <Execution id="9f449de3-4e63-458d-920c-a7092ff626f2" />
      <TestMethod codeBase="C:\WebFormsUtilities-SVN\WebFormsUtilities.Tests\bin\Debug\WebFormsUtilities.Tests.dll" adapterTypeName="Microsoft.VisualStudio.TestTools.TestTypes.Unit.UnitTestAdapter, Microsoft.VisualStudio.QualityTools.Tips.UnitTest.Adapter, Version=9.0.0.0, Culture=neutral, PublicKeyToken=b03f5f7f11d50a3a" className="WebFormsUtilities.Tests.XmlRuleSetTests, WebFormsUtilities.Tests" name="TestXMLErrorMessage" />
    </UnitTest>
    <UnitTest name="TestHTMLTag" storage="c:\webformsutilities-svn\webformsutilities.tests\bin\debug\webformsutilities.tests.dll" id="47d6f4a0-b12e-7034-aa23-08ed78c4410c">
      <Css projectStructure="" iteration="" />
      <Owners>
        <Owner name="" />
      </Owners>
      <Execution id="c0d6c422-74fa-4375-91f6-0582d425938c" />
      <TestMethod codeBase="C:\WebFormsUtilities-SVN\WebFormsUtilities.Tests\bin\Debug\WebFormsUtilities.Tests.dll" adapterTypeName="Microsoft.VisualStudio.TestTools.TestTypes.Unit.UnitTestAdapter, Microsoft.VisualStudio.QualityTools.Tips.UnitTest.Adapter, Version=9.0.0.0, Culture=neutral, PublicKeyToken=b03f5f7f11d50a3a" className="WebFormsUtilities.Tests.WFUtilitiesTest, WebFormsUtilities.Tests" name="TestHTMLTag" />
    </UnitTest>
    <UnitTest name="TestCompare" storage="c:\webformsutilities-svn\webformsutilities.tests\bin\debug\webformsutilities.tests.dll" id="f441c976-2c67-f0d7-0be1-74d1a87299fb">
      <Css projectStructure="" iteration="" />
      <Owners>
        <Owner name="" />
      </Owners>
      <Execution id="c31b8870-2ff3-4a80-b513-ae4c5397dbd4" />
      <TestMethod codeBase="C:\WebFormsUtilities-SVN\WebFormsUtilities.Tests\bin\Debug\WebFormsUtilities.Tests.dll" adapterTypeName="Microsoft.VisualStudio.TestTools.TestTypes.Unit.UnitTestAdapter, Microsoft.VisualStudio.QualityTools.Tips.UnitTest.Adapter, Version=9.0.0.0, Culture=neutral, PublicKeyToken=b03f5f7f11d50a3a" className="WebFormsUtilities.Tests.WFUtilitiesTest, WebFormsUtilities.Tests" name="TestCompare" />
    </UnitTest>
    <UnitTest name="TestUpdateConversion" storage="c:\webformsutilities-svn\webformsutilities.tests\bin\debug\webformsutilities.tests.dll" id="b67275ad-1674-7438-dc9d-1290895171fe">
      <Css projectStructure="" iteration="" />
      <Owners>
        <Owner name="" />
      </Owners>
      <Execution id="659754cb-7e33-428c-a70b-05b12a50442a" />
      <TestMethod codeBase="C:\WebFormsUtilities-SVN\WebFormsUtilities.Tests\bin\Debug\WebFormsUtilities.Tests.dll" adapterTypeName="Microsoft.VisualStudio.TestTools.TestTypes.Unit.UnitTestAdapter, Microsoft.VisualStudio.QualityTools.Tips.UnitTest.Adapter, Version=9.0.0.0, Culture=neutral, PublicKeyToken=b03f5f7f11d50a3a" className="WebFormsUtilities.Tests.TestConversion, WebFormsUtilities.Tests" name="TestUpdateConversion" />
    </UnitTest>
    <UnitTest name="TestJSONObject" storage="c:\webformsutilities-svn\webformsutilities.tests\bin\debug\webformsutilities.tests.dll" id="0e64f269-47c2-a723-be7c-12306090db64">
      <Css projectStructure="" iteration="" />
      <Owners>
        <Owner name="" />
      </Owners>
      <Execution id="3c690b25-96be-4e34-8478-9dab4360848a" />
      <TestMethod codeBase="C:\WebFormsUtilities-SVN\WebFormsUtilities.Tests\bin\Debug\WebFormsUtilities.Tests.dll" adapterTypeName="Microsoft.VisualStudio.TestTools.TestTypes.Unit.UnitTestAdapter, Microsoft.VisualStudio.QualityTools.Tips.UnitTest.Adapter, Version=9.0.0.0, Culture=neutral, PublicKeyToken=b03f5f7f11d50a3a" className="WebFormsUtilities.Tests.WFUtilitiesTest, WebFormsUtilities.Tests" name="TestJSONObject" />
    </UnitTest>
    <UnitTest name="TestBuddyValidation" storage="c:\webformsutilities-svn\webformsutilities.tests\bin\debug\webformsutilities.tests.dll" id="9fb490c7-6450-9788-a450-e4c974a95ce5">
      <Css projectStructure="" iteration="" />
      <Owners>
        <Owner name="" />
      </Owners>
      <Execution id="08934304-d342-4684-af98-6d532794648e" />
      <TestMethod codeBase="C:\WebFormsUtilities-SVN\WebFormsUtilities.Tests\bin\Debug\WebFormsUtilities.Tests.dll" adapterTypeName="Microsoft.VisualStudio.TestTools.TestTypes.Unit.UnitTestAdapter, Microsoft.VisualStudio.QualityTools.Tips.UnitTest.Adapter, Version=9.0.0.0, Culture=neutral, PublicKeyToken=b03f5f7f11d50a3a" className="WebFormsUtilities.Tests.WFUtilitiesTest, WebFormsUtilities.Tests" name="TestBuddyValidation" />
    </UnitTest>
    <UnitTest name="HtmlCheckboxFor" storage="c:\webformsutilities-svn\webformsutilities.tests\bin\debug\webformsutilities.tests.dll" id="eef8986e-d556-640b-74f5-d40ddef383fa">
      <Css projectStructure="" iteration="" />
      <Owners>
        <Owner name="" />
      </Owners>
      <Execution id="a755665a-7ae1-4070-b007-572117b2d9c7" />
      <TestMethod codeBase="C:\WebFormsUtilities-SVN\WebFormsUtilities.Tests\bin\Debug\WebFormsUtilities.Tests.dll" adapterTypeName="Microsoft.VisualStudio.TestTools.TestTypes.Unit.UnitTestAdapter, Microsoft.VisualStudio.QualityTools.Tips.UnitTest.Adapter, Version=9.0.0.0, Culture=neutral, PublicKeyToken=b03f5f7f11d50a3a" className="WebFormsUtilities.Tests.LINQHtmlHelperMethods, WebFormsUtilities.Tests" name="HtmlCheckboxFor" />
    </UnitTest>
    <UnitTest name="TestApplyListBoxDropDown" storage="c:\webformsutilities-svn\webformsutilities.tests\bin\debug\webformsutilities.tests.dll" id="2f5f134f-8996-4d90-6dfa-e923bea5e357">
      <Css projectStructure="" iteration="" />
      <Owners>
        <Owner name="" />
      </Owners>
      <Execution id="7ebb32d6-29e2-42b9-b5d6-42ffa2cf7752" />
      <TestMethod codeBase="C:\WebFormsUtilities-SVN\WebFormsUtilities.Tests\bin\Debug\WebFormsUtilities.Tests.dll" adapterTypeName="Microsoft.VisualStudio.TestTools.TestTypes.Unit.UnitTestAdapter, Microsoft.VisualStudio.QualityTools.Tips.UnitTest.Adapter, Version=9.0.0.0, Culture=neutral, PublicKeyToken=b03f5f7f11d50a3a" className="WebFormsUtilities.Tests.WebControlUtilitiesTest, WebFormsUtilities.Tests" name="TestApplyListBoxDropDown" />
    </UnitTest>
    <UnitTest name="TryValidateModelTestAgainstModelSuccess" storage="c:\webformsutilities-svn\webformsutilities.tests\bin\debug\webformsutilities.tests.dll" id="748b3f67-15dc-c92d-7ef3-6741514ba8e6">
      <Css projectStructure="" iteration="" />
      <Owners>
        <Owner name="" />
      </Owners>
      <Execution id="0867b462-4f1f-4f52-b941-8c5f015c88f7" />
      <TestMethod codeBase="C:\WebFormsUtilities-SVN\WebFormsUtilities.Tests\bin\Debug\WebFormsUtilities.Tests.dll" adapterTypeName="Microsoft.VisualStudio.TestTools.TestTypes.Unit.UnitTestAdapter, Microsoft.VisualStudio.QualityTools.Tips.UnitTest.Adapter, Version=9.0.0.0, Culture=neutral, PublicKeyToken=b03f5f7f11d50a3a" className="WebFormsUtilities.Tests.WFUtilitiesTest, WebFormsUtilities.Tests" name="TryValidateModelTestAgainstModelSuccess" />
    </UnitTest>
    <UnitTest name="TestLoadXML" storage="c:\webformsutilities-svn\webformsutilities.tests\bin\debug\webformsutilities.tests.dll" id="8b3848c9-85db-c79c-76f2-af327aa34ab3">
      <Css projectStructure="" iteration="" />
      <Owners>
        <Owner name="" />
      </Owners>
      <DeploymentItems>
        <DeploymentItem filename="Validator.config" />
      </DeploymentItems>
      <Execution id="fb2ede77-00e6-4165-88e8-3116861803e5" />
      <TestMethod codeBase="C:\WebFormsUtilities-SVN\WebFormsUtilities.Tests\bin\Debug\WebFormsUtilities.Tests.dll" adapterTypeName="Microsoft.VisualStudio.TestTools.TestTypes.Unit.UnitTestAdapter, Microsoft.VisualStudio.QualityTools.Tips.UnitTest.Adapter, Version=9.0.0.0, Culture=neutral, PublicKeyToken=b03f5f7f11d50a3a" className="WebFormsUtilities.Tests.XmlRuleSetTests, WebFormsUtilities.Tests" name="TestLoadXML" />
    </UnitTest>
    <UnitTest name="TryValidateModelTestAgainstModelClassAttribute" storage="c:\webformsutilities-svn\webformsutilities.tests\bin\debug\webformsutilities.tests.dll" id="313b5012-7fe5-b951-9cc3-dd8bceecae87">
      <Css projectStructure="" iteration="" />
      <Owners>
        <Owner name="" />
      </Owners>
      <Execution id="922d4f72-6561-4401-8833-422cc87ec066" />
      <TestMethod codeBase="C:\WebFormsUtilities-SVN\WebFormsUtilities.Tests\bin\Debug\WebFormsUtilities.Tests.dll" adapterTypeName="Microsoft.VisualStudio.TestTools.TestTypes.Unit.UnitTestAdapter, Microsoft.VisualStudio.QualityTools.Tips.UnitTest.Adapter, Version=9.0.0.0, Culture=neutral, PublicKeyToken=b03f5f7f11d50a3a" className="WebFormsUtilities.Tests.WFUtilitiesTest, WebFormsUtilities.Tests" name="TryValidateModelTestAgainstModelClassAttribute" />
    </UnitTest>
    <UnitTest name="TestMapping" storage="c:\webformsutilities-svn\webformsutilities.tests\bin\debug\webformsutilities.tests.dll" id="7c663ac8-c796-a769-ec49-f31f52cabd46">
      <Css projectStructure="" iteration="" />
      <Owners>
        <Owner name="" />
      </Owners>
      <Execution id="5e9925a1-5d6a-426f-815a-d13c5a6ce3a1" />
      <TestMethod codeBase="C:\WebFormsUtilities-SVN\WebFormsUtilities.Tests\bin\Debug\WebFormsUtilities.Tests.dll" adapterTypeName="Microsoft.VisualStudio.TestTools.TestTypes.Unit.UnitTestAdapter, Microsoft.VisualStudio.QualityTools.Tips.UnitTest.Adapter, Version=9.0.0.0, Culture=neutral, PublicKeyToken=b03f5f7f11d50a3a" className="WebFormsUtilities.Tests.MapToAttributeTest, WebFormsUtilities.Tests" name="TestMapping" />
    </UnitTest>
    <UnitTest name="TestValidationPreProcessorFor" storage="c:\webformsutilities-svn\webformsutilities.tests\bin\debug\webformsutilities.tests.dll" id="12182304-5f58-0929-f530-4b91b3227958">
      <Css projectStructure="" iteration="" />
      <Owners>
        <Owner name="" />
      </Owners>
      <Execution id="418b603c-7a36-4257-9d08-d6abeb358d9b" />
      <TestMethod codeBase="C:\WebFormsUtilities-SVN\WebFormsUtilities.Tests\bin\Debug\WebFormsUtilities.Tests.dll" adapterTypeName="Microsoft.VisualStudio.TestTools.TestTypes.Unit.UnitTestAdapter, Microsoft.VisualStudio.QualityTools.Tips.UnitTest.Adapter, Version=9.0.0.0, Culture=neutral, PublicKeyToken=b03f5f7f11d50a3a" className="WebFormsUtilities.Tests.TestValidationMarkup, WebFormsUtilities.Tests" name="TestValidationPreProcessorFor" />
    </UnitTest>
  </TestDefinitions>
  <TestLists>
    <TestList name="Results Not in a List" id="8c84fa94-04c1-424b-9868-57a2d4851a1d" />
    <TestList name="All Loaded Results" id="19431567-8539-422a-85d7-44ee4e166bda" />
  </TestLists>
  <TestEntries>
    <TestEntry testId="ede022f0-c2ae-9448-492a-ebc8103b089a" executionId="f1bc9d1d-8646-4234-9ae1-5f834d4e0bb6" testListId="8c84fa94-04c1-424b-9868-57a2d4851a1d" />
    <TestEntry testId="74b95aac-f1aa-6bd3-6741-37aac2d74e81" executionId="da6426b9-9bd6-485f-98bc-644aeebf275e" testListId="8c84fa94-04c1-424b-9868-57a2d4851a1d" />
    <TestEntry testId="eef8986e-d556-640b-74f5-d40ddef383fa" executionId="a755665a-7ae1-4070-b007-572117b2d9c7" testListId="8c84fa94-04c1-424b-9868-57a2d4851a1d" />
    <TestEntry testId="7c663ac8-c796-a769-ec49-f31f52cabd46" executionId="5e9925a1-5d6a-426f-815a-d13c5a6ce3a1" testListId="8c84fa94-04c1-424b-9868-57a2d4851a1d" />
    <TestEntry testId="b67275ad-1674-7438-dc9d-1290895171fe" executionId="659754cb-7e33-428c-a70b-05b12a50442a" testListId="8c84fa94-04c1-424b-9868-57a2d4851a1d" />
    <TestEntry testId="97fdba4a-6bc9-38ec-b6b3-0928a2a1668b" executionId="7a790368-0aae-49fd-9c95-57ba89da6aed" testListId="8c84fa94-04c1-424b-9868-57a2d4851a1d" />
    <TestEntry testId="2f5f134f-8996-4d90-6dfa-e923bea5e357" executionId="7ebb32d6-29e2-42b9-b5d6-42ffa2cf7752" testListId="8c84fa94-04c1-424b-9868-57a2d4851a1d" />
    <TestEntry testId="cd22c5be-d15c-d59c-5049-7c8cb2a064e1" executionId="360c4ea5-bab5-472b-a590-467e48746e0e" testListId="8c84fa94-04c1-424b-9868-57a2d4851a1d" />
    <TestEntry testId="b3cffa7b-76e5-9b5d-c609-e0a77e7c3743" executionId="b0d85ea6-a9e1-4fce-89cf-860ca0bf8ffd" testListId="8c84fa94-04c1-424b-9868-57a2d4851a1d" />
    <TestEntry testId="748b3f67-15dc-c92d-7ef3-6741514ba8e6" executionId="0867b462-4f1f-4f52-b941-8c5f015c88f7" testListId="8c84fa94-04c1-424b-9868-57a2d4851a1d" />
    <TestEntry testId="313b5012-7fe5-b951-9cc3-dd8bceecae87" executionId="922d4f72-6561-4401-8833-422cc87ec066" testListId="8c84fa94-04c1-424b-9868-57a2d4851a1d" />
    <TestEntry testId="665d49d6-e5d3-2941-aa43-2735b0948c73" executionId="b0afea25-9262-4c74-849c-fc39f2864a41" testListId="8c84fa94-04c1-424b-9868-57a2d4851a1d" />
    <TestEntry testId="9fb490c7-6450-9788-a450-e4c974a95ce5" executionId="08934304-d342-4684-af98-6d532794648e" testListId="8c84fa94-04c1-424b-9868-57a2d4851a1d" />
    <TestEntry testId="7df5e13d-d604-9736-f146-71efa25c80e0" executionId="fbf9465a-dfbf-4d09-83fc-63121a675f13" testListId="8c84fa94-04c1-424b-9868-57a2d4851a1d" />
    <TestEntry testId="0e64f269-47c2-a723-be7c-12306090db64" executionId="3c690b25-96be-4e34-8478-9dab4360848a" testListId="8c84fa94-04c1-424b-9868-57a2d4851a1d" />
    <TestEntry testId="47d6f4a0-b12e-7034-aa23-08ed78c4410c" executionId="c0d6c422-74fa-4375-91f6-0582d425938c" testListId="8c84fa94-04c1-424b-9868-57a2d4851a1d" />
    <TestEntry testId="f441c976-2c67-f0d7-0be1-74d1a87299fb" executionId="c31b8870-2ff3-4a80-b513-ae4c5397dbd4" testListId="8c84fa94-04c1-424b-9868-57a2d4851a1d" />
    <TestEntry testId="8b3848c9-85db-c79c-76f2-af327aa34ab3" executionId="fb2ede77-00e6-4165-88e8-3116861803e5" testListId="8c84fa94-04c1-424b-9868-57a2d4851a1d" />
    <TestEntry testId="447020a9-3b30-1e58-4091-0771087819fd" executionId="9f449de3-4e63-458d-920c-a7092ff626f2" testListId="8c84fa94-04c1-424b-9868-57a2d4851a1d" />
    <TestEntry testId="77d3ba01-222f-f974-fb08-63315b9cb64c" executionId="6950aebb-7ba2-4954-a6db-98414cafdadd" testListId="8c84fa94-04c1-424b-9868-57a2d4851a1d" />
    <TestEntry testId="12182304-5f58-0929-f530-4b91b3227958" executionId="418b603c-7a36-4257-9d08-d6abeb358d9b" testListId="8c84fa94-04c1-424b-9868-57a2d4851a1d" />
  </TestEntries>
  <Results>
    <UnitTestResult executionId="f1bc9d1d-8646-4234-9ae1-5f834d4e0bb6" testId="ede022f0-c2ae-9448-492a-ebc8103b089a" testName="HtmlInputFor" computerName="MSNEAD-PC2" duration="00:00:00.0823306" startTime="2012-03-07T17:05:17.9697603-06:00" endTime="2012-03-07T17:05:18.6638000-06:00" testType="13cdc9d9-ddb5-4fa4-a97d-d965ccfc6d4b" outcome="Passed" testListId="8c84fa94-04c1-424b-9868-57a2d4851a1d">
      <Output>
      </Output>
    </UnitTestResult>
    <UnitTestResult executionId="da6426b9-9bd6-485f-98bc-644aeebf275e" testId="74b95aac-f1aa-6bd3-6741-37aac2d74e81" testName="HtmlValidationMessageFor" computerName="MSNEAD-PC2" duration="00:00:00.0099692" startTime="2012-03-07T17:05:18.6698004-06:00" endTime="2012-03-07T17:05:18.6838012-06:00" testType="13cdc9d9-ddb5-4fa4-a97d-d965ccfc6d4b" outcome="Passed" testListId="8c84fa94-04c1-424b-9868-57a2d4851a1d">
      <Output>
      </Output>
    </UnitTestResult>
    <UnitTestResult executionId="a755665a-7ae1-4070-b007-572117b2d9c7" testId="eef8986e-d556-640b-74f5-d40ddef383fa" testName="HtmlCheckboxFor" computerName="MSNEAD-PC2" duration="00:00:00.0152796" startTime="2012-03-07T17:05:18.6878014-06:00" endTime="2012-03-07T17:05:18.7068025-06:00" testType="13cdc9d9-ddb5-4fa4-a97d-d965ccfc6d4b" outcome="Passed" testListId="8c84fa94-04c1-424b-9868-57a2d4851a1d">
      <Output>
      </Output>
    </UnitTestResult>
    <UnitTestResult executionId="5e9925a1-5d6a-426f-815a-d13c5a6ce3a1" testId="7c663ac8-c796-a769-ec49-f31f52cabd46" testName="TestMapping" computerName="MSNEAD-PC2" duration="00:00:00.0360943" startTime="2012-03-07T17:05:18.7118028-06:00" endTime="2012-03-07T17:05:18.7508050-06:00" testType="13cdc9d9-ddb5-4fa4-a97d-d965ccfc6d4b" outcome="Passed" testListId="8c84fa94-04c1-424b-9868-57a2d4851a1d">
      <Output>
      </Output>
    </UnitTestResult>
    <UnitTestResult executionId="659754cb-7e33-428c-a70b-05b12a50442a" testId="b67275ad-1674-7438-dc9d-1290895171fe" testName="TestUpdateConversion" computerName="MSNEAD-PC2" duration="00:00:00.0231157" startTime="2012-03-07T17:05:18.7568054-06:00" endTime="2012-03-07T17:05:18.7838069-06:00" testType="13cdc9d9-ddb5-4fa4-a97d-d965ccfc6d4b" outcome="Passed" testListId="8c84fa94-04c1-424b-9868-57a2d4851a1d">
      <Output>
      </Output>
    </UnitTestResult>
    <UnitTestResult executionId="7a790368-0aae-49fd-9c95-57ba89da6aed" testId="97fdba4a-6bc9-38ec-b6b3-0928a2a1668b" testName="TestApplyPageValues" computerName="MSNEAD-PC2" duration="00:00:00.0089611" startTime="2012-03-07T17:05:18.7888072-06:00" endTime="2012-03-07T17:05:18.8008079-06:00" testType="13cdc9d9-ddb5-4fa4-a97d-d965ccfc6d4b" outcome="Passed" testListId="8c84fa94-04c1-424b-9868-57a2d4851a1d">
      <Output>
      </Output>
    </UnitTestResult>
    <UnitTestResult executionId="7ebb32d6-29e2-42b9-b5d6-42ffa2cf7752" testId="2f5f134f-8996-4d90-6dfa-e923bea5e357" testName="TestApplyListBoxDropDown" computerName="MSNEAD-PC2" duration="00:00:00.0032138" startTime="2012-03-07T17:05:18.8048081-06:00" endTime="2012-03-07T17:05:18.8118085-06:00" testType="13cdc9d9-ddb5-4fa4-a97d-d965ccfc6d4b" outcome="Passed" testListId="8c84fa94-04c1-424b-9868-57a2d4851a1d">
      <Output>
      </Output>
    </UnitTestResult>
    <UnitTestResult executionId="360c4ea5-bab5-472b-a590-467e48746e0e" testId="cd22c5be-d15c-d59c-5049-7c8cb2a064e1" testName="TestWFErrorMessage" computerName="MSNEAD-PC2" duration="00:00:00.0112376" startTime="2012-03-07T17:05:18.8148087-06:00" endTime="2012-03-07T17:05:18.8358099-06:00" testType="13cdc9d9-ddb5-4fa4-a97d-d965ccfc6d4b" outcome="Passed" testListId="8c84fa94-04c1-424b-9868-57a2d4851a1d">
      <Output>
      </Output>
    </UnitTestResult>
    <UnitTestResult executionId="b0d85ea6-a9e1-4fce-89cf-860ca0bf8ffd" testId="b3cffa7b-76e5-9b5d-c609-e0a77e7c3743" testName="TryValidateModelTestAgainstModel" computerName="MSNEAD-PC2" duration="00:00:00.0065470" startTime="2012-03-07T17:05:18.8408102-06:00" endTime="2012-03-07T17:05:18.8508107-06:00" testType="13cdc9d9-ddb5-4fa4-a97d-d965ccfc6d4b" outcome="Passed" testListId="8c84fa94-04c1-424b-9868-57a2d4851a1d">
      <Output>
      </Output>
    </UnitTestResult>
    <UnitTestResult executionId="0867b462-4f1f-4f52-b941-8c5f015c88f7" testId="748b3f67-15dc-c92d-7ef3-6741514ba8e6" testName="TryValidateModelTestAgainstModelSuccess" computerName="MSNEAD-PC2" duration="00:00:00.0009695" startTime="2012-03-07T17:05:18.8538109-06:00" endTime="2012-03-07T17:05:18.8588112-06:00" testType="13cdc9d9-ddb5-4fa4-a97d-d965ccfc6d4b" outcome="Passed" testListId="8c84fa94-04c1-424b-9868-57a2d4851a1d">
      <Output>
      </Output>
    </UnitTestResult>
    <UnitTestResult executionId="922d4f72-6561-4401-8833-422cc87ec066" testId="313b5012-7fe5-b951-9cc3-dd8bceecae87" testName="TryValidateModelTestAgainstModelClassAttribute" computerName="MSNEAD-PC2" duration="00:00:00.0047757" startTime="2012-03-07T17:05:18.8618114-06:00" endTime="2012-03-07T17:05:18.8698118-06:00" testType="13cdc9d9-ddb5-4fa4-a97d-d965ccfc6d4b" outcome="Passed" testListId="8c84fa94-04c1-424b-9868-57a2d4851a1d">
      <Output>
      </Output>
    </UnitTestResult>
    <UnitTestResult executionId="b0afea25-9262-4c74-849c-fc39f2864a41" testId="665d49d6-e5d3-2941-aa43-2735b0948c73" testName="TryValidateModelTestAJAX" computerName="MSNEAD-PC2" duration="00:00:00.0023376" startTime="2012-03-07T17:05:18.8728120-06:00" endTime="2012-03-07T17:05:18.8788123-06:00" testType="13cdc9d9-ddb5-4fa4-a97d-d965ccfc6d4b" outcome="Passed" testListId="8c84fa94-04c1-424b-9868-57a2d4851a1d">
      <Output>
      </Output>
    </UnitTestResult>
    <UnitTestResult executionId="08934304-d342-4684-af98-6d532794648e" testId="9fb490c7-6450-9788-a450-e4c974a95ce5" testName="TestBuddyValidation" computerName="MSNEAD-PC2" duration="00:00:00.0016119" startTime="2012-03-07T17:05:18.8818125-06:00" endTime="2012-03-07T17:05:18.8868128-06:00" testType="13cdc9d9-ddb5-4fa4-a97d-d965ccfc6d4b" outcome="Passed" testListId="8c84fa94-04c1-424b-9868-57a2d4851a1d">
      <Output>
      </Output>
    </UnitTestResult>
    <UnitTestResult executionId="fbf9465a-dfbf-4d09-83fc-63121a675f13" testId="7df5e13d-d604-9736-f146-71efa25c80e0" testName="TryValidateModelTestPage" computerName="MSNEAD-PC2" duration="00:00:00.0001328" startTime="2012-03-07T17:05:18.8898130-06:00" endTime="2012-03-07T17:05:18.8928131-06:00" testType="13cdc9d9-ddb5-4fa4-a97d-d965ccfc6d4b" outcome="Passed" testListId="8c84fa94-04c1-424b-9868-57a2d4851a1d">
      <Output>
      </Output>
    </UnitTestResult>
    <UnitTestResult executionId="3c690b25-96be-4e34-8478-9dab4360848a" testId="0e64f269-47c2-a723-be7c-12306090db64" testName="TestJSONObject" computerName="MSNEAD-PC2" duration="00:00:00.0072077" startTime="2012-03-07T17:05:18.8958133-06:00" endTime="2012-03-07T17:05:18.9058139-06:00" testType="13cdc9d9-ddb5-4fa4-a97d-d965ccfc6d4b" outcome="Passed" testListId="8c84fa94-04c1-424b-9868-57a2d4851a1d">
      <Output>
      </Output>
    </UnitTestResult>
    <UnitTestResult executionId="c0d6c422-74fa-4375-91f6-0582d425938c" testId="47d6f4a0-b12e-7034-aa23-08ed78c4410c" testName="TestHTMLTag" computerName="MSNEAD-PC2" duration="00:00:00.0043022" startTime="2012-03-07T17:05:18.9098141-06:00" endTime="2012-03-07T17:05:18.9168145-06:00" testType="13cdc9d9-ddb5-4fa4-a97d-d965ccfc6d4b" outcome="Passed" testListId="8c84fa94-04c1-424b-9868-57a2d4851a1d">
      <Output>
      </Output>
    </UnitTestResult>
    <UnitTestResult executionId="c31b8870-2ff3-4a80-b513-ae4c5397dbd4" testId="f441c976-2c67-f0d7-0be1-74d1a87299fb" testName="TestCompare" computerName="MSNEAD-PC2" duration="00:00:00.0048879" startTime="2012-03-07T17:05:18.9188146-06:00" endTime="2012-03-07T17:05:18.9278151-06:00" testType="13cdc9d9-ddb5-4fa4-a97d-d965ccfc6d4b" outcome="Passed" testListId="8c84fa94-04c1-424b-9868-57a2d4851a1d">
      <Output>
      </Output>
    </UnitTestResult>
    <UnitTestResult executionId="fb2ede77-00e6-4165-88e8-3116861803e5" testId="8b3848c9-85db-c79c-76f2-af327aa34ab3" testName="TestLoadXML" computerName="MSNEAD-PC2" duration="00:00:00.0121437" startTime="2012-03-07T17:05:18.9318154-06:00" endTime="2012-03-07T17:05:18.9478163-06:00" testType="13cdc9d9-ddb5-4fa4-a97d-d965ccfc6d4b" outcome="Passed" testListId="8c84fa94-04c1-424b-9868-57a2d4851a1d">
      <Output>
      </Output>
    </UnitTestResult>
    <UnitTestResult executionId="9f449de3-4e63-458d-920c-a7092ff626f2" testId="447020a9-3b30-1e58-4091-0771087819fd" testName="TestXMLErrorMessage" computerName="MSNEAD-PC2" duration="00:00:00.0310616" startTime="2012-03-07T17:05:18.9518165-06:00" endTime="2012-03-07T17:05:18.9868185-06:00" testType="13cdc9d9-ddb5-4fa4-a97d-d965ccfc6d4b" outcome="Passed" testListId="8c84fa94-04c1-424b-9868-57a2d4851a1d">
      <Output>
      </Output>
    </UnitTestResult>
    <UnitTestResult executionId="6950aebb-7ba2-4954-a6db-98414cafdadd" testId="77d3ba01-222f-f974-fb08-63315b9cb64c" testName="TestClassLevelValidators" computerName="MSNEAD-PC2" duration="00:00:00.0019117" startTime="2012-03-07T17:05:18.9898187-06:00" endTime="2012-03-07T17:05:18.9958190-06:00" testType="13cdc9d9-ddb5-4fa4-a97d-d965ccfc6d4b" outcome="Passed" testListId="8c84fa94-04c1-424b-9868-57a2d4851a1d">
      <Output>
      </Output>
    </UnitTestResult>
    <UnitTestResult executionId="418b603c-7a36-4257-9d08-d6abeb358d9b" testId="12182304-5f58-0929-f530-4b91b3227958" testName="TestValidationPreProcessorFor" computerName="MSNEAD-PC2" duration="00:00:00.0102805" startTime="2012-03-07T17:05:18.9998193-06:00" endTime="2012-03-07T17:05:19.0138201-06:00" testType="13cdc9d9-ddb5-4fa4-a97d-d965ccfc6d4b" outcome="Passed" testListId="8c84fa94-04c1-424b-9868-57a2d4851a1d">
      <Output>
      </Output>
    </UnitTestResult>
  </Results>
</TestRun>