<?xml version="1.0" encoding="UTF-8"?>
<TestRun id="f6ae5bdc-add9-406e-b422-532bd99b226f" name="MSnead@MSNEAD-PC2 2012-03-07 17:02:22" runUser="GAGE\MSnead" xmlns="http://microsoft.com/schemas/VisualStudio/TeamTest/2006">
  <TestRunConfiguration name="Default Run Configuration" id="1c8651ca-201e-4244-a514-6be82d8a964a">
    <Deployment runDeploymentRoot="C:\WebFormsUtilities-SVN\WebFormsUtilities\TestResults\MSnead_MSNEAD-PC2 2012-03-07 17_02_22">
      <DeploymentItem filename="C:\WebFormsUtilities-SVN\WebFormsUtilities\bin\Debug\WebFormsUtilities.dll" />
    </Deployment>
    <Hosts skipUnhostableTests="false" />
    <TestTypeSpecific />
  </TestRunConfiguration>
  <ResultSummary outcome="Failed">
    <Counters total="21" executed="21" passed="20" error="0" failed="1" timeout="0" aborted="0" inconclusive="0" passedButRunAborted="0" notRunnable="0" notExecuted="0" disconnected="0" warning="0" completed="0" inProgress="0" pending="0" />
  </ResultSummary>
  <Times creation="2012-03-07T17:02:22.0536985-06:00" queuing="2012-03-07T17:02:23.8027986-06:00" start="2012-03-07T17:02:23.9688080-06:00" finish="2012-03-07T17:02:29.5201256-06:00" />
  <TestDefinitions>
    <UnitTest name="TestClassLevelValidators" storage="c:\webformsutilities-svn\webformsutilities.tests\bin\debug\webformsutilities.tests.dll" id="77d3ba01-222f-f974-fb08-63315b9cb64c">
      <Css projectStructure="" iteration="" />
      <Owners>
        <Owner name="" />
      </Owners>
      <DeploymentItems>
        <DeploymentItem filename="Validator3.config" />
      </DeploymentItems>
      <Execution id="ab8ee554-ca55-4e59-b02a-28765bfdca61" />
      <TestMethod codeBase="C:\WebFormsUtilities-SVN\WebFormsUtilities.Tests\bin\Debug\WebFormsUtilities.Tests.dll" adapterTypeName="Microsoft.VisualStudio.TestTools.TestTypes.Unit.UnitTestAdapter, Microsoft.VisualStudio.QualityTools.Tips.UnitTest.Adapter, Version=9.0.0.0, Culture=neutral, PublicKeyToken=b03f5f7f11d50a3a" className="WebFormsUtilities.Tests.XmlRuleSetTests, WebFormsUtilities.Tests" name="TestClassLevelValidators" />
    </UnitTest>
    <UnitTest name="TestApplyPageValues" storage="c:\webformsutilities-svn\webformsutilities.tests\bin\debug\webformsutilities.tests.dll" id="97fdba4a-6bc9-38ec-b6b3-0928a2a1668b">
      <Css projectStructure="" iteration="" />
      <Owners>
        <Owner name="" />
      </Owners>
      <Execution id="28792888-7d7c-4bc0-b677-f4352d9fd33e" />
      <TestMethod codeBase="C:\WebFormsUtilities-SVN\WebFormsUtilities.Tests\bin\Debug\WebFormsUtilities.Tests.dll" adapterTypeName="Microsoft.VisualStudio.TestTools.TestTypes.Unit.UnitTestAdapter, Microsoft.VisualStudio.QualityTools.Tips.UnitTest.Adapter, Version=9.0.0.0, Culture=neutral, PublicKeyToken=b03f5f7f11d50a3a" className="WebFormsUtilities.Tests.WebControlUtilitiesTest, WebFormsUtilities.Tests" name="TestApplyPageValues" />
    </UnitTest>
    <UnitTest name="TryValidateModelTestPage" storage="c:\webformsutilities-svn\webformsutilities.tests\bin\debug\webformsutilities.tests.dll" id="7df5e13d-d604-9736-f146-71efa25c80e0">
      <Css projectStructure="" iteration="" />
      <Owners>
        <Owner name="" />
      </Owners>
      <Execution id="6ef1b62e-e2f9-40bb-b54e-7aeb7c49c5df" />
      <TestMethod codeBase="C:\WebFormsUtilities-SVN\WebFormsUtilities.Tests\bin\Debug\WebFormsUtilities.Tests.dll" adapterTypeName="Microsoft.VisualStudio.TestTools.TestTypes.Unit.UnitTestAdapter, Microsoft.VisualStudio.QualityTools.Tips.UnitTest.Adapter, Version=9.0.0.0, Culture=neutral, PublicKeyToken=b03f5f7f11d50a3a" className="WebFormsUtilities.Tests.WFUtilitiesTest, WebFormsUtilities.Tests" name="TryValidateModelTestPage" />
    </UnitTest>
    <UnitTest name="HtmlInputFor" storage="c:\webformsutilities-svn\webformsutilities.tests\bin\debug\webformsutilities.tests.dll" id="ede022f0-c2ae-9448-492a-ebc8103b089a">
      <Css projectStructure="" iteration="" />
      <Owners>
        <Owner name="" />
      </Owners>
      <Execution id="a71212df-7cc8-4134-b864-efaed415ce37" />
      <TestMethod codeBase="C:\WebFormsUtilities-SVN\WebFormsUtilities.Tests\bin\Debug\WebFormsUtilities.Tests.dll" adapterTypeName="Microsoft.VisualStudio.TestTools.TestTypes.Unit.UnitTestAdapter, Microsoft.VisualStudio.QualityTools.Tips.UnitTest.Adapter, Version=9.0.0.0, Culture=neutral, PublicKeyToken=b03f5f7f11d50a3a" className="WebFormsUtilities.Tests.LINQHtmlHelperMethods, WebFormsUtilities.Tests" name="HtmlInputFor" />
    </UnitTest>
    <UnitTest name="TryValidateModelTestAgainstModel" storage="c:\webformsutilities-svn\webformsutilities.tests\bin\debug\webformsutilities.tests.dll" id="b3cffa7b-76e5-9b5d-c609-e0a77e7c3743">
      <Css projectStructure="" iteration="" />
      <Owners>
        <Owner name="" />
      </Owners>
      <Execution id="e31c9e6f-2454-4c32-b772-16b764bdcfb5" />
      <TestMethod codeBase="C:\WebFormsUtilities-SVN\WebFormsUtilities.Tests\bin\Debug\WebFormsUtilities.Tests.dll" adapterTypeName="Microsoft.VisualStudio.TestTools.TestTypes.Unit.UnitTestAdapter, Microsoft.VisualStudio.QualityTools.Tips.UnitTest.Adapter, Version=9.0.0.0, Culture=neutral, PublicKeyToken=b03f5f7f11d50a3a" className="WebFormsUtilities.Tests.WFUtilitiesTest, WebFormsUtilities.Tests" name="TryValidateModelTestAgainstModel" />
    </UnitTest>
    <UnitTest name="HtmlValidationMessageFor" storage="c:\webformsutilities-svn\webformsutilities.tests\bin\debug\webformsutilities.tests.dll" id="74b95aac-f1aa-6bd3-6741-37aac2d74e81">
      <Css projectStructure="" iteration="" />
      <Owners>
        <Owner name="" />
      </Owners>
      <Execution id="e0c5ebe5-8406-4075-80c6-0e93ffc2ed4c" />
      <TestMethod codeBase="C:\WebFormsUtilities-SVN\WebFormsUtilities.Tests\bin\Debug\WebFormsUtilities.Tests.dll" adapterTypeName="Microsoft.VisualStudio.TestTools.TestTypes.Unit.UnitTestAdapter, Microsoft.VisualStudio.QualityTools.Tips.UnitTest.Adapter, Version=9.0.0.0, Culture=neutral, PublicKeyToken=b03f5f7f11d50a3a" className="WebFormsUtilities.Tests.LINQHtmlHelperMethods, WebFormsUtilities.Tests" name="HtmlValidationMessageFor" />
    </UnitTest>
    <UnitTest name="TryValidateModelTestAJAX" storage="c:\webformsutilities-svn\webformsutilities.tests\bin\debug\webformsutilities.tests.dll" id="665d49d6-e5d3-2941-aa43-2735b0948c73">
      <Css projectStructure="" iteration="" />
      <Owners>
        <Owner name="" />
      </Owners>
      <Execution id="e73692d5-a6ec-479b-9e47-a55060ed90f4" />
      <TestMethod codeBase="C:\WebFormsUtilities-SVN\WebFormsUtilities.Tests\bin\Debug\WebFormsUtilities.Tests.dll" adapterTypeName="Microsoft.VisualStudio.TestTools.TestTypes.Unit.UnitTestAdapter, Microsoft.VisualStudio.QualityTools.Tips.UnitTest.Adapter, Version=9.0.0.0, Culture=neutral, PublicKeyToken=b03f5f7f11d50a3a" className="WebFormsUtilities.Tests.WFUtilitiesTest, WebFormsUtilities.Tests" name="TryValidateModelTestAJAX" />
    </UnitTest>
    <UnitTest name="TestWFErrorMessage" storage="c:\webformsutilities-svn\webformsutilities.tests\bin\debug\webformsutilities.tests.dll" id="cd22c5be-d15c-d59c-5049-7c8cb2a064e1">
      <Css projectStructure="" iteration="" />
      <Owners>
        <Owner name="" />
      </Owners>
      <Execution id="81d8c9bc-df86-4431-bbb9-ef99d5e78beb" />
      <TestMethod codeBase="C:\WebFormsUtilities-SVN\WebFormsUtilities.Tests\bin\Debug\WebFormsUtilities.Tests.dll" adapterTypeName="Microsoft.VisualStudio.TestTools.TestTypes.Unit.UnitTestAdapter, Microsoft.VisualStudio.QualityTools.Tips.UnitTest.Adapter, Version=9.0.0.0, Culture=neutral, PublicKeyToken=b03f5f7f11d50a3a" className="WebFormsUtilities.Tests.WFUtilitiesTest, WebFormsUtilities.Tests" name="TestWFErrorMessage" />
    </UnitTest>
    <UnitTest name="TestXMLErrorMessage" storage="c:\webformsutilities-svn\webformsutilities.tests\bin\debug\webformsutilities.tests.dll" id="447020a9-3b30-1e58-4091-0771087819fd">
      <Css projectStructure="" iteration="" />
      <Owners>
        <Owner name="" />
      </Owners>
      <DeploymentItems>
        <DeploymentItem filename="Validator2.config" />
      </DeploymentItems>
      <Execution id="855744a6-2030-486b-ba00-6735de606bef" />
      <TestMethod codeBase="C:\WebFormsUtilities-SVN\WebFormsUtilities.Tests\bin\Debug\WebFormsUtilities.Tests.dll" adapterTypeName="Microsoft.VisualStudio.TestTools.TestTypes.Unit.UnitTestAdapter, Microsoft.VisualStudio.QualityTools.Tips.UnitTest.Adapter, Version=9.0.0.0, Culture=neutral, PublicKeyToken=b03f5f7f11d50a3a" className="WebFormsUtilities.Tests.XmlRuleSetTests, WebFormsUtilities.Tests" name="TestXMLErrorMessage" />
    </UnitTest>
    <UnitTest name="TestHTMLTag" storage="c:\webformsutilities-svn\webformsutilities.tests\bin\debug\webformsutilities.tests.dll" id="47d6f4a0-b12e-7034-aa23-08ed78c4410c">
      <Css projectStructure="" iteration="" />
      <Owners>
        <Owner name="" />
      </Owners>
      <Execution id="0684f524-101e-4c52-94e8-ef5eea1c91fc" />
      <TestMethod codeBase="C:\WebFormsUtilities-SVN\WebFormsUtilities.Tests\bin\Debug\WebFormsUtilities.Tests.dll" adapterTypeName="Microsoft.VisualStudio.TestTools.TestTypes.Unit.UnitTestAdapter, Microsoft.VisualStudio.QualityTools.Tips.UnitTest.Adapter, Version=9.0.0.0, Culture=neutral, PublicKeyToken=b03f5f7f11d50a3a" className="WebFormsUtilities.Tests.WFUtilitiesTest, WebFormsUtilities.Tests" name="TestHTMLTag" />
    </UnitTest>
    <UnitTest name="TestCompare" storage="c:\webformsutilities-svn\webformsutilities.tests\bin\debug\webformsutilities.tests.dll" id="f441c976-2c67-f0d7-0be1-74d1a87299fb">
      <Css projectStructure="" iteration="" />
      <Owners>
        <Owner name="" />
      </Owners>
      <Execution id="af40518f-0f27-4a82-826a-1410dca7aafe" />
      <TestMethod codeBase="C:\WebFormsUtilities-SVN\WebFormsUtilities.Tests\bin\Debug\WebFormsUtilities.Tests.dll" adapterTypeName="Microsoft.VisualStudio.TestTools.TestTypes.Unit.UnitTestAdapter, Microsoft.VisualStudio.QualityTools.Tips.UnitTest.Adapter, Version=9.0.0.0, Culture=neutral, PublicKeyToken=b03f5f7f11d50a3a" className="WebFormsUtilities.Tests.WFUtilitiesTest, WebFormsUtilities.Tests" name="TestCompare" />
    </UnitTest>
    <UnitTest name="TestUpdateConversion" storage="c:\webformsutilities-svn\webformsutilities.tests\bin\debug\webformsutilities.tests.dll" id="b67275ad-1674-7438-dc9d-1290895171fe">
      <Css projectStructure="" iteration="" />
      <Owners>
        <Owner name="" />
      </Owners>
      <Execution id="f6b60e18-02ef-4632-a80f-602181f64528" />
      <TestMethod codeBase="C:\WebFormsUtilities-SVN\WebFormsUtilities.Tests\bin\Debug\WebFormsUtilities.Tests.dll" adapterTypeName="Microsoft.VisualStudio.TestTools.TestTypes.Unit.UnitTestAdapter, Microsoft.VisualStudio.QualityTools.Tips.UnitTest.Adapter, Version=9.0.0.0, Culture=neutral, PublicKeyToken=b03f5f7f11d50a3a" className="WebFormsUtilities.Tests.TestConversion, WebFormsUtilities.Tests" name="TestUpdateConversion" />
    </UnitTest>
    <UnitTest name="TestJSONObject" storage="c:\webformsutilities-svn\webformsutilities.tests\bin\debug\webformsutilities.tests.dll" id="0e64f269-47c2-a723-be7c-12306090db64">
      <Css projectStructure="" iteration="" />
      <Owners>
        <Owner name="" />
      </Owners>
      <Execution id="1e076283-aed8-444c-af5d-1938e60a9c06" />
      <TestMethod codeBase="C:\WebFormsUtilities-SVN\WebFormsUtilities.Tests\bin\Debug\WebFormsUtilities.Tests.dll" adapterTypeName="Microsoft.VisualStudio.TestTools.TestTypes.Unit.UnitTestAdapter, Microsoft.VisualStudio.QualityTools.Tips.UnitTest.Adapter, Version=9.0.0.0, Culture=neutral, PublicKeyToken=b03f5f7f11d50a3a" className="WebFormsUtilities.Tests.WFUtilitiesTest, WebFormsUtilities.Tests" name="TestJSONObject" />
    </UnitTest>
    <UnitTest name="TestBuddyValidation" storage="c:\webformsutilities-svn\webformsutilities.tests\bin\debug\webformsutilities.tests.dll" id="9fb490c7-6450-9788-a450-e4c974a95ce5">
      <Css projectStructure="" iteration="" />
      <Owners>
        <Owner name="" />
      </Owners>
      <Execution id="4e0d5599-8643-465d-a392-ddc76d91fab3" />
      <TestMethod codeBase="C:\WebFormsUtilities-SVN\WebFormsUtilities.Tests\bin\Debug\WebFormsUtilities.Tests.dll" adapterTypeName="Microsoft.VisualStudio.TestTools.TestTypes.Unit.UnitTestAdapter, Microsoft.VisualStudio.QualityTools.Tips.UnitTest.Adapter, Version=9.0.0.0, Culture=neutral, PublicKeyToken=b03f5f7f11d50a3a" className="WebFormsUtilities.Tests.WFUtilitiesTest, WebFormsUtilities.Tests" name="TestBuddyValidation" />
    </UnitTest>
    <UnitTest name="HtmlCheckboxFor" storage="c:\webformsutilities-svn\webformsutilities.tests\bin\debug\webformsutilities.tests.dll" id="eef8986e-d556-640b-74f5-d40ddef383fa">
      <Css projectStructure="" iteration="" />
      <Owners>
        <Owner name="" />
      </Owners>
      <Execution id="2b940fcd-5721-415a-9b22-c68ee3f80160" />
      <TestMethod codeBase="C:\WebFormsUtilities-SVN\WebFormsUtilities.Tests\bin\Debug\WebFormsUtilities.Tests.dll" adapterTypeName="Microsoft.VisualStudio.TestTools.TestTypes.Unit.UnitTestAdapter, Microsoft.VisualStudio.QualityTools.Tips.UnitTest.Adapter, Version=9.0.0.0, Culture=neutral, PublicKeyToken=b03f5f7f11d50a3a" className="WebFormsUtilities.Tests.LINQHtmlHelperMethods, WebFormsUtilities.Tests" name="HtmlCheckboxFor" />
    </UnitTest>
    <UnitTest name="TestApplyListBoxDropDown" storage="c:\webformsutilities-svn\webformsutilities.tests\bin\debug\webformsutilities.tests.dll" id="2f5f134f-8996-4d90-6dfa-e923bea5e357">
      <Css projectStructure="" iteration="" />
      <Owners>
        <Owner name="" />
      </Owners>
      <Execution id="b537f932-f3c2-4c7e-be4e-dab7149caeb9" />
      <TestMethod codeBase="C:\WebFormsUtilities-SVN\WebFormsUtilities.Tests\bin\Debug\WebFormsUtilities.Tests.dll" adapterTypeName="Microsoft.VisualStudio.TestTools.TestTypes.Unit.UnitTestAdapter, Microsoft.VisualStudio.QualityTools.Tips.UnitTest.Adapter, Version=9.0.0.0, Culture=neutral, PublicKeyToken=b03f5f7f11d50a3a" className="WebFormsUtilities.Tests.WebControlUtilitiesTest, WebFormsUtilities.Tests" name="TestApplyListBoxDropDown" />
    </UnitTest>
    <UnitTest name="TryValidateModelTestAgainstModelSuccess" storage="c:\webformsutilities-svn\webformsutilities.tests\bin\debug\webformsutilities.tests.dll" id="748b3f67-15dc-c92d-7ef3-6741514ba8e6">
      <Css projectStructure="" iteration="" />
      <Owners>
        <Owner name="" />
      </Owners>
      <Execution id="b6c28d62-a8d9-4c77-931c-23d69006dc40" />
      <TestMethod codeBase="C:\WebFormsUtilities-SVN\WebFormsUtilities.Tests\bin\Debug\WebFormsUtilities.Tests.dll" adapterTypeName="Microsoft.VisualStudio.TestTools.TestTypes.Unit.UnitTestAdapter, Microsoft.VisualStudio.QualityTools.Tips.UnitTest.Adapter, Version=9.0.0.0, Culture=neutral, PublicKeyToken=b03f5f7f11d50a3a" className="WebFormsUtilities.Tests.WFUtilitiesTest, WebFormsUtilities.Tests" name="TryValidateModelTestAgainstModelSuccess" />
    </UnitTest>
    <UnitTest name="TestLoadXML" storage="c:\webformsutilities-svn\webformsutilities.tests\bin\debug\webformsutilities.tests.dll" id="8b3848c9-85db-c79c-76f2-af327aa34ab3">
      <Css projectStructure="" iteration="" />
      <Owners>
        <Owner name="" />
      </Owners>
      <DeploymentItems>
        <DeploymentItem filename="Validator.config" />
      </DeploymentItems>
      <Execution id="231525bd-c29b-46b1-b13d-38a84dbb661a" />
      <TestMethod codeBase="C:\WebFormsUtilities-SVN\WebFormsUtilities.Tests\bin\Debug\WebFormsUtilities.Tests.dll" adapterTypeName="Microsoft.VisualStudio.TestTools.TestTypes.Unit.UnitTestAdapter, Microsoft.VisualStudio.QualityTools.Tips.UnitTest.Adapter, Version=9.0.0.0, Culture=neutral, PublicKeyToken=b03f5f7f11d50a3a" className="WebFormsUtilities.Tests.XmlRuleSetTests, WebFormsUtilities.Tests" name="TestLoadXML" />
    </UnitTest>
    <UnitTest name="TryValidateModelTestAgainstModelClassAttribute" storage="c:\webformsutilities-svn\webformsutilities.tests\bin\debug\webformsutilities.tests.dll" id="313b5012-7fe5-b951-9cc3-dd8bceecae87">
      <Css projectStructure="" iteration="" />
      <Owners>
        <Owner name="" />
      </Owners>
      <Execution id="f8f4172e-7ac3-4774-9ea8-1787d448540e" />
      <TestMethod codeBase="C:\WebFormsUtilities-SVN\WebFormsUtilities.Tests\bin\Debug\WebFormsUtilities.Tests.dll" adapterTypeName="Microsoft.VisualStudio.TestTools.TestTypes.Unit.UnitTestAdapter, Microsoft.VisualStudio.QualityTools.Tips.UnitTest.Adapter, Version=9.0.0.0, Culture=neutral, PublicKeyToken=b03f5f7f11d50a3a" className="WebFormsUtilities.Tests.WFUtilitiesTest, WebFormsUtilities.Tests" name="TryValidateModelTestAgainstModelClassAttribute" />
    </UnitTest>
    <UnitTest name="TestMapping" storage="c:\webformsutilities-svn\webformsutilities.tests\bin\debug\webformsutilities.tests.dll" id="7c663ac8-c796-a769-ec49-f31f52cabd46">
      <Css projectStructure="" iteration="" />
      <Owners>
        <Owner name="" />
      </Owners>
      <Execution id="12ff545a-3783-4f97-a37b-08424cb31e21" />
      <TestMethod codeBase="C:\WebFormsUtilities-SVN\WebFormsUtilities.Tests\bin\Debug\WebFormsUtilities.Tests.dll" adapterTypeName="Microsoft.VisualStudio.TestTools.TestTypes.Unit.UnitTestAdapter, Microsoft.VisualStudio.QualityTools.Tips.UnitTest.Adapter, Version=9.0.0.0, Culture=neutral, PublicKeyToken=b03f5f7f11d50a3a" className="WebFormsUtilities.Tests.MapToAttributeTest, WebFormsUtilities.Tests" name="TestMapping" />
    </UnitTest>
    <UnitTest name="TestValidationPreProcessorFor" storage="c:\webformsutilities-svn\webformsutilities.tests\bin\debug\webformsutilities.tests.dll" id="12182304-5f58-0929-f530-4b91b3227958">
      <Css projectStructure="" iteration="" />
      <Owners>
        <Owner name="" />
      </Owners>
      <Execution id="36e0a60d-b548-4e64-8481-dceec9002301" />
      <TestMethod codeBase="C:\WebFormsUtilities-SVN\WebFormsUtilities.Tests\bin\Debug\WebFormsUtilities.Tests.dll" adapterTypeName="Microsoft.VisualStudio.TestTools.TestTypes.Unit.UnitTestAdapter, Microsoft.VisualStudio.QualityTools.Tips.UnitTest.Adapter, Version=9.0.0.0, Culture=neutral, PublicKeyToken=b03f5f7f11d50a3a" className="WebFormsUtilities.Tests.TestValidationMarkup, WebFormsUtilities.Tests" name="TestValidationPreProcessorFor" />
    </UnitTest>
  </TestDefinitions>
  <TestLists>
    <TestList name="Results Not in a List" id="8c84fa94-04c1-424b-9868-57a2d4851a1d" />
    <TestList name="All Loaded Results" id="19431567-8539-422a-85d7-44ee4e166bda" />
  </TestLists>
  <TestEntries>
    <TestEntry testId="ede022f0-c2ae-9448-492a-ebc8103b089a" executionId="a71212df-7cc8-4134-b864-efaed415ce37" testListId="8c84fa94-04c1-424b-9868-57a2d4851a1d" />
    <TestEntry testId="74b95aac-f1aa-6bd3-6741-37aac2d74e81" executionId="e0c5ebe5-8406-4075-80c6-0e93ffc2ed4c" testListId="8c84fa94-04c1-424b-9868-57a2d4851a1d" />
    <TestEntry testId="eef8986e-d556-640b-74f5-d40ddef383fa" executionId="2b940fcd-5721-415a-9b22-c68ee3f80160" testListId="8c84fa94-04c1-424b-9868-57a2d4851a1d" />
    <TestEntry testId="7c663ac8-c796-a769-ec49-f31f52cabd46" executionId="12ff545a-3783-4f97-a37b-08424cb31e21" testListId="8c84fa94-04c1-424b-9868-57a2d4851a1d" />
    <TestEntry testId="b67275ad-1674-7438-dc9d-1290895171fe" executionId="f6b60e18-02ef-4632-a80f-602181f64528" testListId="8c84fa94-04c1-424b-9868-57a2d4851a1d" />
    <TestEntry testId="97fdba4a-6bc9-38ec-b6b3-0928a2a1668b" executionId="28792888-7d7c-4bc0-b677-f4352d9fd33e" testListId="8c84fa94-04c1-424b-9868-57a2d4851a1d" />
    <TestEntry testId="2f5f134f-8996-4d90-6dfa-e923bea5e357" executionId="b537f932-f3c2-4c7e-be4e-dab7149caeb9" testListId="8c84fa94-04c1-424b-9868-57a2d4851a1d" />
    <TestEntry testId="cd22c5be-d15c-d59c-5049-7c8cb2a064e1" executionId="81d8c9bc-df86-4431-bbb9-ef99d5e78beb" testListId="8c84fa94-04c1-424b-9868-57a2d4851a1d" />
    <TestEntry testId="b3cffa7b-76e5-9b5d-c609-e0a77e7c3743" executionId="e31c9e6f-2454-4c32-b772-16b764bdcfb5" testListId="8c84fa94-04c1-424b-9868-57a2d4851a1d" />
    <TestEntry testId="748b3f67-15dc-c92d-7ef3-6741514ba8e6" executionId="b6c28d62-a8d9-4c77-931c-23d69006dc40" testListId="8c84fa94-04c1-424b-9868-57a2d4851a1d" />
    <TestEntry testId="313b5012-7fe5-b951-9cc3-dd8bceecae87" executionId="f8f4172e-7ac3-4774-9ea8-1787d448540e" testListId="8c84fa94-04c1-424b-9868-57a2d4851a1d" />
    <TestEntry testId="665d49d6-e5d3-2941-aa43-2735b0948c73" executionId="e73692d5-a6ec-479b-9e47-a55060ed90f4" testListId="8c84fa94-04c1-424b-9868-57a2d4851a1d" />
    <TestEntry testId="9fb490c7-6450-9788-a450-e4c974a95ce5" executionId="4e0d5599-8643-465d-a392-ddc76d91fab3" testListId="8c84fa94-04c1-424b-9868-57a2d4851a1d" />
    <TestEntry testId="7df5e13d-d604-9736-f146-71efa25c80e0" executionId="6ef1b62e-e2f9-40bb-b54e-7aeb7c49c5df" testListId="8c84fa94-04c1-424b-9868-57a2d4851a1d" />
    <TestEntry testId="0e64f269-47c2-a723-be7c-12306090db64" executionId="1e076283-aed8-444c-af5d-1938e60a9c06" testListId="8c84fa94-04c1-424b-9868-57a2d4851a1d" />
    <TestEntry testId="47d6f4a0-b12e-7034-aa23-08ed78c4410c" executionId="0684f524-101e-4c52-94e8-ef5eea1c91fc" testListId="8c84fa94-04c1-424b-9868-57a2d4851a1d" />
    <TestEntry testId="f441c976-2c67-f0d7-0be1-74d1a87299fb" executionId="af40518f-0f27-4a82-826a-1410dca7aafe" testListId="8c84fa94-04c1-424b-9868-57a2d4851a1d" />
    <TestEntry testId="8b3848c9-85db-c79c-76f2-af327aa34ab3" executionId="231525bd-c29b-46b1-b13d-38a84dbb661a" testListId="8c84fa94-04c1-424b-9868-57a2d4851a1d" />
    <TestEntry testId="447020a9-3b30-1e58-4091-0771087819fd" executionId="855744a6-2030-486b-ba00-6735de606bef" testListId="8c84fa94-04c1-424b-9868-57a2d4851a1d" />
    <TestEntry testId="77d3ba01-222f-f974-fb08-63315b9cb64c" executionId="ab8ee554-ca55-4e59-b02a-28765bfdca61" testListId="8c84fa94-04c1-424b-9868-57a2d4851a1d" />
    <TestEntry testId="12182304-5f58-0929-f530-4b91b3227958" executionId="36e0a60d-b548-4e64-8481-dceec9002301" testListId="8c84fa94-04c1-424b-9868-57a2d4851a1d" />
  </TestEntries>
  <Results>
    <UnitTestResult executionId="a71212df-7cc8-4134-b864-efaed415ce37" testId="ede022f0-c2ae-9448-492a-ebc8103b089a" testName="HtmlInputFor" computerName="MSNEAD-PC2" duration="00:00:03.3792299" startTime="2012-03-07T17:02:24.1428180-06:00" endTime="2012-03-07T17:02:28.1620479-06:00" testType="13cdc9d9-ddb5-4fa4-a97d-d965ccfc6d4b" outcome="Passed" testListId="8c84fa94-04c1-424b-9868-57a2d4851a1d">
      <Output>
      </Output>
    </UnitTestResult>
    <UnitTestResult executionId="e0c5ebe5-8406-4075-80c6-0e93ffc2ed4c" testId="74b95aac-f1aa-6bd3-6741-37aac2d74e81" testName="HtmlValidationMessageFor" computerName="MSNEAD-PC2" duration="00:00:00.0093191" startTime="2012-03-07T17:02:28.1650481-06:00" endTime="2012-03-07T17:02:28.1790489-06:00" testType="13cdc9d9-ddb5-4fa4-a97d-d965ccfc6d4b" outcome="Passed" testListId="8c84fa94-04c1-424b-9868-57a2d4851a1d">
      <Output>
      </Output>
    </UnitTestResult>
    <UnitTestResult executionId="2b940fcd-5721-415a-9b22-c68ee3f80160" testId="eef8986e-d556-640b-74f5-d40ddef383fa" testName="HtmlCheckboxFor" computerName="MSNEAD-PC2" duration="00:00:00.0160836" startTime="2012-03-07T17:02:28.1830491-06:00" endTime="2012-03-07T17:02:28.2030502-06:00" testType="13cdc9d9-ddb5-4fa4-a97d-d965ccfc6d4b" outcome="Passed" testListId="8c84fa94-04c1-424b-9868-57a2d4851a1d">
      <Output>
      </Output>
    </UnitTestResult>
    <UnitTestResult executionId="12ff545a-3783-4f97-a37b-08424cb31e21" testId="7c663ac8-c796-a769-ec49-f31f52cabd46" testName="TestMapping" computerName="MSNEAD-PC2" duration="00:00:00.0363748" startTime="2012-03-07T17:02:28.2080505-06:00" endTime="2012-03-07T17:02:28.2480528-06:00" testType="13cdc9d9-ddb5-4fa4-a97d-d965ccfc6d4b" outcome="Passed" testListId="8c84fa94-04c1-424b-9868-57a2d4851a1d">
      <Output>
      </Output>
    </UnitTestResult>
    <UnitTestResult executionId="f6b60e18-02ef-4632-a80f-602181f64528" testId="b67275ad-1674-7438-dc9d-1290895171fe" testName="TestUpdateConversion" computerName="MSNEAD-PC2" duration="00:00:00.0224627" startTime="2012-03-07T17:02:28.2540532-06:00" endTime="2012-03-07T17:02:28.2800546-06:00" testType="13cdc9d9-ddb5-4fa4-a97d-d965ccfc6d4b" outcome="Passed" testListId="8c84fa94-04c1-424b-9868-57a2d4851a1d">
      <Output>
      </Output>
    </UnitTestResult>
    <UnitTestResult executionId="28792888-7d7c-4bc0-b677-f4352d9fd33e" testId="97fdba4a-6bc9-38ec-b6b3-0928a2a1668b" testName="TestApplyPageValues" computerName="MSNEAD-PC2" duration="00:00:00.0086945" startTime="2012-03-07T17:02:28.2840549-06:00" endTime="2012-03-07T17:02:28.2960556-06:00" testType="13cdc9d9-ddb5-4fa4-a97d-d965ccfc6d4b" outcome="Passed" testListId="8c84fa94-04c1-424b-9868-57a2d4851a1d">
      <Output>
      </Output>
    </UnitTestResult>
    <UnitTestResult executionId="b537f932-f3c2-4c7e-be4e-dab7149caeb9" testId="2f5f134f-8996-4d90-6dfa-e923bea5e357" testName="TestApplyListBoxDropDown" computerName="MSNEAD-PC2" duration="00:00:00.0034299" startTime="2012-03-07T17:02:28.3000558-06:00" endTime="2012-03-07T17:02:28.3270573-06:00" testType="13cdc9d9-ddb5-4fa4-a97d-d965ccfc6d4b" outcome="Passed" testListId="8c84fa94-04c1-424b-9868-57a2d4851a1d">
      <Output>
      </Output>
    </UnitTestResult>
    <UnitTestResult executionId="81d8c9bc-df86-4431-bbb9-ef99d5e78beb" testId="cd22c5be-d15c-d59c-5049-7c8cb2a064e1" testName="TestWFErrorMessage" computerName="MSNEAD-PC2" duration="00:00:00.0109373" startTime="2012-03-07T17:02:28.3300575-06:00" endTime="2012-03-07T17:02:28.3510587-06:00" testType="13cdc9d9-ddb5-4fa4-a97d-d965ccfc6d4b" outcome="Passed" testListId="8c84fa94-04c1-424b-9868-57a2d4851a1d">
      <Output>
      </Output>
    </UnitTestResult>
    <UnitTestResult executionId="e31c9e6f-2454-4c32-b772-16b764bdcfb5" testId="b3cffa7b-76e5-9b5d-c609-e0a77e7c3743" testName="TryValidateModelTestAgainstModel" computerName="MSNEAD-PC2" duration="00:00:00.0068843" startTime="2012-03-07T17:02:28.3550589-06:00" endTime="2012-03-07T17:02:28.3650595-06:00" testType="13cdc9d9-ddb5-4fa4-a97d-d965ccfc6d4b" outcome="Passed" testListId="8c84fa94-04c1-424b-9868-57a2d4851a1d">
      <Output>
      </Output>
    </UnitTestResult>
    <UnitTestResult executionId="b6c28d62-a8d9-4c77-931c-23d69006dc40" testId="748b3f67-15dc-c92d-7ef3-6741514ba8e6" testName="TryValidateModelTestAgainstModelSuccess" computerName="MSNEAD-PC2" duration="00:00:00.0010263" startTime="2012-03-07T17:02:28.3680597-06:00" endTime="2012-03-07T17:02:28.3720599-06:00" testType="13cdc9d9-ddb5-4fa4-a97d-d965ccfc6d4b" outcome="Passed" testListId="8c84fa94-04c1-424b-9868-57a2d4851a1d">
      <Output>
      </Output>
    </UnitTestResult>
    <UnitTestResult executionId="f8f4172e-7ac3-4774-9ea8-1787d448540e" testId="313b5012-7fe5-b951-9cc3-dd8bceecae87" testName="TryValidateModelTestAgainstModelClassAttribute" computerName="MSNEAD-PC2" duration="00:00:00.0048566" startTime="2012-03-07T17:02:28.3760601-06:00" endTime="2012-03-07T17:02:28.3840606-06:00" testType="13cdc9d9-ddb5-4fa4-a97d-d965ccfc6d4b" outcome="Passed" testListId="8c84fa94-04c1-424b-9868-57a2d4851a1d">
      <Output>
      </Output>
    </UnitTestResult>
    <UnitTestResult executionId="e73692d5-a6ec-479b-9e47-a55060ed90f4" testId="665d49d6-e5d3-2941-aa43-2735b0948c73" testName="TryValidateModelTestAJAX" computerName="MSNEAD-PC2" duration="00:00:00.0024742" startTime="2012-03-07T17:02:28.3870608-06:00" endTime="2012-03-07T17:02:28.3930611-06:00" testType="13cdc9d9-ddb5-4fa4-a97d-d965ccfc6d4b" outcome="Passed" testListId="8c84fa94-04c1-424b-9868-57a2d4851a1d">
      <Output>
      </Output>
    </UnitTestResult>
    <UnitTestResult executionId="4e0d5599-8643-465d-a392-ddc76d91fab3" testId="9fb490c7-6450-9788-a450-e4c974a95ce5" testName="TestBuddyValidation" computerName="MSNEAD-PC2" duration="00:00:00.0017188" startTime="2012-03-07T17:02:28.3970613-06:00" endTime="2012-03-07T17:02:28.4010616-06:00" testType="13cdc9d9-ddb5-4fa4-a97d-d965ccfc6d4b" outcome="Passed" testListId="8c84fa94-04c1-424b-9868-57a2d4851a1d">
      <Output>
      </Output>
    </UnitTestResult>
    <UnitTestResult executionId="6ef1b62e-e2f9-40bb-b54e-7aeb7c49c5df" testId="7df5e13d-d604-9736-f146-71efa25c80e0" testName="TryValidateModelTestPage" computerName="MSNEAD-PC2" duration="00:00:00.0001515" startTime="2012-03-07T17:02:28.4040617-06:00" endTime="2012-03-07T17:02:28.4070619-06:00" testType="13cdc9d9-ddb5-4fa4-a97d-d965ccfc6d4b" outcome="Passed" testListId="8c84fa94-04c1-424b-9868-57a2d4851a1d">
      <Output>
      </Output>
    </UnitTestResult>
    <UnitTestResult executionId="1e076283-aed8-444c-af5d-1938e60a9c06" testId="0e64f269-47c2-a723-be7c-12306090db64" testName="TestJSONObject" computerName="MSNEAD-PC2" duration="00:00:00.0073987" startTime="2012-03-07T17:02:28.4100621-06:00" endTime="2012-03-07T17:02:28.4210627-06:00" testType="13cdc9d9-ddb5-4fa4-a97d-d965ccfc6d4b" outcome="Passed" testListId="8c84fa94-04c1-424b-9868-57a2d4851a1d">
      <Output>
      </Output>
    </UnitTestResult>
    <UnitTestResult executionId="0684f524-101e-4c52-94e8-ef5eea1c91fc" testId="47d6f4a0-b12e-7034-aa23-08ed78c4410c" testName="TestHTMLTag" computerName="MSNEAD-PC2" duration="00:00:00.0043234" startTime="2012-03-07T17:02:28.4250629-06:00" endTime="2012-03-07T17:02:28.4320633-06:00" testType="13cdc9d9-ddb5-4fa4-a97d-d965ccfc6d4b" outcome="Passed" testListId="8c84fa94-04c1-424b-9868-57a2d4851a1d">
      <Output>
      </Output>
    </UnitTestResult>
    <UnitTestResult executionId="af40518f-0f27-4a82-826a-1410dca7aafe" testId="f441c976-2c67-f0d7-0be1-74d1a87299fb" testName="TestCompare" computerName="MSNEAD-PC2" duration="00:00:00.0052478" startTime="2012-03-07T17:02:28.4350635-06:00" endTime="2012-03-07T17:02:28.4430640-06:00" testType="13cdc9d9-ddb5-4fa4-a97d-d965ccfc6d4b" outcome="Passed" testListId="8c84fa94-04c1-424b-9868-57a2d4851a1d">
      <Output>
      </Output>
    </UnitTestResult>
    <UnitTestResult executionId="231525bd-c29b-46b1-b13d-38a84dbb661a" testId="8b3848c9-85db-c79c-76f2-af327aa34ab3" testName="TestLoadXML" computerName="MSNEAD-PC2" duration="00:00:00.0115513" startTime="2012-03-07T17:02:28.4470642-06:00" endTime="2012-03-07T17:02:28.4620650-06:00" testType="13cdc9d9-ddb5-4fa4-a97d-d965ccfc6d4b" outcome="Passed" testListId="8c84fa94-04c1-424b-9868-57a2d4851a1d">
      <Output>
      </Output>
    </UnitTestResult>
    <UnitTestResult executionId="855744a6-2030-486b-ba00-6735de606bef" testId="447020a9-3b30-1e58-4091-0771087819fd" testName="TestXMLErrorMessage" computerName="MSNEAD-PC2" duration="00:00:00.0288746" startTime="2012-03-07T17:02:28.4660653-06:00" endTime="2012-03-07T17:02:28.4980671-06:00" testType="13cdc9d9-ddb5-4fa4-a97d-d965ccfc6d4b" outcome="Passed" testListId="8c84fa94-04c1-424b-9868-57a2d4851a1d">
      <Output>
      </Output>
    </UnitTestResult>
    <UnitTestResult executionId="ab8ee554-ca55-4e59-b02a-28765bfdca61" testId="77d3ba01-222f-f974-fb08-63315b9cb64c" testName="TestClassLevelValidators" computerName="MSNEAD-PC2" duration="00:00:00.0019521" startTime="2012-03-07T17:02:28.5030674-06:00" endTime="2012-03-07T17:02:28.5080677-06:00" testType="13cdc9d9-ddb5-4fa4-a97d-d965ccfc6d4b" outcome="Passed" testListId="8c84fa94-04c1-424b-9868-57a2d4851a1d">
      <Output>
      </Output>
    </UnitTestResult>
    <UnitTestResult executionId="36e0a60d-b548-4e64-8481-dceec9002301" testId="12182304-5f58-0929-f530-4b91b3227958" testName="TestValidationPreProcessorFor" computerName="MSNEAD-PC2" duration="00:00:00.9312287" startTime="2012-03-07T17:02:28.5110679-06:00" endTime="2012-03-07T17:02:29.4471214-06:00" testType="13cdc9d9-ddb5-4fa4-a97d-d965ccfc6d4b" outcome="Failed" testListId="8c84fa94-04c1-424b-9868-57a2d4851a1d">
      <Output>
        <ErrorInfo>
          <Message>Assert.AreEqual failed. Expected:&lt;&lt;textarea cols = "20" rows = "2" name = "FirstName" id = "FirstName" class = "input-validation-error"&gt;waytoolongstringthatistoolong&lt;/textarea&gt;&gt;. Actual:&lt;&lt;textarea cols = "20" rows = "2" name = "FirstName" id = "FirstName" class = "input-validation-error"&gt;waytoolongstringthatistoolong&lt;/textarea&gt;
&gt;. </Message>
          <StackTrace>   at WebFormsUtilities.Tests.TestValidationMarkup.TestValidationPreProcessorFor() in C:\WebFormsUtilities-SVN\WebFormsUtilities.Tests\TestValidationMarkup.cs:line 74
</StackTrace>
        </ErrorInfo>
      </Output>
    </UnitTestResult>
  </Results>
</TestRun>